******************************************************************************
            TI ARM Clang Linker Unix v3.2.1                    
******************************************************************************
>> Linked Mon May 13 11:24:53 2024

OUTPUT FILE NAME:   <TypeWriter_test_nrtos.out>
ENTRY POINT SYMBOL: "resetISR"  address: 00003063


MEMORY CONFIGURATION

         name            origin    length      used     unused   attr    fill
----------------------  --------  ---------  --------  --------  ----  --------
  FLASH                 00000000   00058000  0000346b  00054b95  R  X
  GPRAM                 11000000   00002000  00000000  00002000  RW X
  SRAM                  20000000   00008000  00002b7c  00005484  RW X
  LOG_DATA              90000000   00040000  00000000  00040000  R   
  LOG_PTR               94000008   00040000  00000000  00040000  R   


SEGMENT ALLOCATION MAP

run origin  load origin   length   init length attrs members
----------  ----------- ---------- ----------- ----- -------
00000000    00000000    0000335b   0000335b    r-x
  00000000    00000000    000000d8   000000d8    r-- .resetVecs
  000000d8    000000d8    0000311c   0000311c    r-x .text
  000031f4    000031f4    00000167   00000167    r-- .rodata
0000335c    0000335c    00000008   00000008    rw-
  0000335c    0000335c    00000008   00000008    rw- .args
00003364    00003364    000000b0   000000b0    r--
  00003364    00003364    000000b0   000000b0    r-- .cinit
00057fa8    00057fa8    00000058   00000058    r--
  00057fa8    00057fa8    00000058   00000058    r-- .ccfg
20000000    20000000    0000037c   00000000    rw-
  20000000    20000000    0000037c   00000000    rw- .data
20000430    20000430    00000020   00000000    rw-
  20000430    20000430    00000010   00000000    rw- .TI.bound:dmaSpi0RxControlTableEntry
  20000440    20000440    00000010   00000000    rw- .TI.bound:dmaSpi0TxControlTableEntry
20000630    20000630    00000020   00000000    rw-
  20000630    20000630    00000010   00000000    rw- .TI.bound:dmaSpi0RxAltControlTableEntry
  20000640    20000640    00000010   00000000    rw- .TI.bound:dmaSpi0TxAltControlTableEntry
20000650    20000650    000022e8   00000000    rw-
  20000650    20000650    00002000   00000000    rw- .sysmem
  20002650    20002650    000002e8   00000000    rw- .bss
20007c00    20007c00    00000400   00000000    rw-
  20007c00    20007c00    00000400   00000000    rw- .stack


SECTION ALLOCATION MAP

 output                                  attributes/
section   page    origin      length       input sections
--------  ----  ----------  ----------   ----------------
.resetVecs 
*          0    00000000    000000d8     
                  00000000    000000d8     nortos_cc26x1.a : startup_cc13x1_cc26x1_ticlang.c.obj (.resetVecs)

.binit     0    00000000    00000000     

.text      0    000000d8    0000311c     
                  000000d8    000002c8     drivers_cc26x1.a : SPICC26X2DMA.c.obj (.text.SPICC26X2DMA_transfer)
                  000003a0    000001c4                      : SPICC26X2DMA.c.obj (.text.SPICC26X2DMA_hwiFxn)
                  00000564    00000194                      : PowerCC26X2_calibrateRCOSC.c.obj (.text.PowerCC26X2_auxISR)
                  000006f8    00000190                      : SPICC26X2DMA.c.obj (.text.SPICC26X2DMA_open)
                  00000888    0000016c                      : SPICC26X2DMA.c.obj (.text.configNextTransfer)
                  000009f4    00000158                      : PowerCC26X2.c.obj (.text.Power_sleep)
                  00000b4c    00000118                      : PowerCC26X2.c.obj (.text.Power_init)
                  00000c64    0000010c                      : PowerCC26X2_calibrateRCOSC.c.obj (.text.PowerCC26X2_calibrate)
                  00000d70    00000104                      : GPIOCC26X2.c.obj (.text.GPIO_init)
                  00000e74    000000fc                      : SPICC26X2DMA.c.obj (.text.csnCallback)
                  00000f70    000000f0     driverlib.lib : sys_ctrl.c.obj (.text.NOROM_SysCtrlStandby)
                  00001060    000000e0     drivers_cc26x1.a : SPICC26X2DMA.c.obj (.text.SPICC26X2DMA_control)
                  00001140    000000e0     driverlib.lib : setup.c.obj (.text.TrimAfterColdResetWakeupFromShutDown)
                  00001220    000000dc     nortos_cc26x1.a : PowerCC26X2_nortos.c.obj (.text.PowerCC26XX_standbyPolicy)
                  000012fc    000000d0     driverlib.lib : setup.c.obj (.text.NOROM_SetupTrimDevice)
                  000013cc    000000d0     drivers_cc26x1.a : PowerCC26X2.c.obj (.text.configureXOSCHF)
                  0000149c    000000c4     nortos_cc26x1.a : SwiP_nortos.c.obj (.text.SwiP_construct)
                  00001560    000000b0     drivers_cc26x1.a : PowerCC26X2.c.obj (.text.Power_setDependency)
                  00001610    000000b0     libclang_rt.builtins.a : udivmoddi4.S.obj (.text)
                  000016c0    000000ac     drivers_cc26x1.a : PowerCC26X2.c.obj (.text.Power_releaseDependency)
                  0000176c    000000a4     nortos_cc26x1.a : ClockPTimer_nortos.c.obj (.text.ClockP_workFuncDynamic)
                  00001810    000000a0                     : TimerPCC26XX_nortos.c.obj (.text.TimerP_construct)
                  000018b0    0000009e     drivers_cc26x1.a : SPICC26X2DMA.c.obj (.text.finishTransfer)
                  0000194e    00000002     ti_drivers_config.o (.text.Board_initHook)
                  00001950    00000098     nortos_cc26x1.a : SemaphoreP_nortos.c.obj (.text.SemaphoreP_pend)
                  000019e8    00000090     drivers_cc26x1.a : GPIOCC26XX.c.obj (.text.GPIO_setConfigAndMux)
                  00001a78    00000090                      : SPICC26X2DMA.c.obj (.text.SPICC26X2DMA_transferCancel)
                  00001b08    00000090     nortos_cc26x1.a : SwiP_nortos.c.obj (.text.SwiP_dispatch)
                  00001b98    0000007c                     : ClockPTimer_nortos.c.obj (.text.ClockP_startup)
                  00001c14    0000007c                     : HwiPCC26XX_nortos.c.obj (.text.HwiP_construct)
                  00001c90    00000078     drivers_cc26x1.a : SPICC26X2DMA.c.obj (.text.SPICC26X2DMA_close)
                  00001d08    00000074                      : PowerCC26X2_calibrateRCOSC_helpers.c.obj (.text.PowerCC26X2_updateSubSecInc)
                  00001d7c    00000070     nortos_cc26x1.a : ClockPTimer_nortos.c.obj (.text.ClockP_start)
                  00001dec    00000070     libc.a : copy_decompress_lzss.c.obj (.text:decompress:lzss)
                  00001e5c    0000006c     drivers_cc26x1.a : PowerCC26X2.c.obj (.text.oscillatorISR)
                  00001ec8    00000068     nortos_cc26x1.a : ClockPTimer_nortos.c.obj (.text.ClockP_walkQueueDynamic)
                  00001f30    00000064     driverlib.lib : osc.c.obj (.text.NOROM_OSCHF_AttemptToSwitchToXosc)
                  00001f94    00000064     drivers_cc26x1.a : PowerCC26X2_calibrateRCOSC.c.obj (.text.PowerCC26X2_initiateCalibration)
                  00001ff8    00000064                      : UDMACC26XX.c.obj (.text.UDMACC26XX_open)
                  0000205c    0000005c     nortos_cc26x1.a : SwiP_nortos.c.obj (.text.SwiP_post)
                  000020b8    00000050     ti_drivers_config.o (.text.Board_shutDownExtFlash)
                  00002108    00000050     nortos_cc26x1.a : SemaphoreP_nortos.c.obj (.text.SemaphoreP_construct)
                  00002158    00000050     imu_spi.o (.text.mainThread)
                  000021a8    0000004e     ti_drivers_config.o (.text.Board_sendExtFlashByte)
                  000021f6    00000002     driverlib.lib : interrupt.c.obj (.text.IntDefaultHandler)
                  000021f8    0000004c     drivers_cc26x1.a : SPICC26X2DMA.c.obj (.text.initHw)
                  00002244    0000004c                      : PowerCC26X2.c.obj (.text.switchXOSCHF)
                  00002290    0000004a                      : SPICC26X2DMA.c.obj (.text.SPICC26X2DMA_swiFxn)
                  000022da    00000002     nortos_cc26x1.a : SemaphoreP_nortos.c.obj (.text.SemaphoreP_destruct)
                  000022dc    00000048                     : ClockPTimer_nortos.c.obj (.text.ClockP_construct)
                  00002324    00000048                     : TimerPCC26XX_nortos.c.obj (.text.TimerP_start)
                  0000236c    00000044     drivers_cc26x1.a : GPIOCC26X2.c.obj (.text.GPIO_hwiIntFxn)
                  000023b0    00000044     driverlib.lib : prcm.c.obj (.text.NOROM_PRCMPowerDomainsAllOff)
                  000023f4    00000044                   : prcm.c.obj (.text.NOROM_PRCMPowerDomainsAllOn)
                  00002438    00000044     drivers_cc26x1.a : SPI.c.obj (.text.SPI_init)
                  0000247c    00000040                      : PowerCC26X2_calibrateRCOSC.c.obj (.text.PowerCC26X2_RCOSC_clockFunc)
                  000024bc    00000040                      : PowerCC26X2_calibrateRCOSC_helpers.c.obj (.text.PowerCC26X2_setAclkRefSrc)
                  000024fc    00000040                      : SPI.c.obj (.text.SPI_open)
                  0000253c    00000040     nortos_cc26x1.a : SemaphoreP_nortos.c.obj (.text.SemaphoreP_post)
                  0000257c    0000003c     drivers_cc26x1.a : GPIO.c.obj (.text.GPIO_resetConfig)
                  000025b8    0000003c     driverlib.lib : osc.c.obj (.text.NOROM_OSC_HPOSCRelativeFrequencyOffsetGet)
                  000025f4    0000003c     drivers_cc26x1.a : PowerCC26X2_calibrateRCOSC_helpers.c.obj (.text.PowerCC26X2_setTdcClkSrc24M)
                  00002630    00000038     driverlib.lib : aux_sysif.c.obj (.text.NOROM_AUXSYSIFOpModeChange)
                  00002668    00000038                   : osc.c.obj (.text.NOROM_OSCHF_SwitchToRcOscTurnOffXosc)
                  000026a0    00000038                   : sys_ctrl.c.obj (.text.NOROM_SysCtrlIdle)
                  000026d8    00000038                   : osc.c.obj (.text.OSCHfSourceSwitch)
                  00002710    00000038     drivers_cc26x1.a : PowerCC26X2_helpers.c.obj (.text.PowerCC26X2_oscDisableQualifiers)
                  00002748    00000038     nortos_cc26x1.a : SwiP_nortos.c.obj (.text.SwiP_destruct)
                  00002780    00000038                     : SwiP_nortos.c.obj (.text.SwiP_restore)
                  000027b8    00000038     drivers_cc26x1.a : UDMACC26XX.c.obj (.text.UDMACC26XX_close)
                  000027f0    00000038     libc.a : autoinit.c.obj (.text:__TI_auto_init_nobinit_nopinit)
                  00002828    00000034     drivers_cc26x1.a : PowerCC26X2_helpers.c.obj (.text.PowerCC26X2_setSubSecIncToXoscLf)
                  0000285c    00000034                      : PowerCC26X2.c.obj (.text.Power_releaseConstraint)
                  00002890    00000034     nortos_cc26x1.a : TimerPCC26XX_nortos.c.obj (.text.TimerP_getCurrentTick)
                  000028c4    00000030     ti_drivers_config.o (.text.Board_wakeUpExtFlash)
                  000028f4    00000030     nortos_cc26x1.a : ClockPTimer_nortos.c.obj (.text.ClockP_getTicksUntilInterrupt)
                  00002924    00000030     drivers_cc26x1.a : GPIOCC26XX.c.obj (.text.GPIO_setInterruptConfig)
                  00002954    00000030                      : PowerCC26X2.c.obj (.text.Power_setConstraint)
                  00002984    00000030                      : PowerCC26X2.c.obj (.text.notify)
                  000029b4    0000002c     driverlib.lib : interrupt.c.obj (.text.NOROM_IntRegister)
                  000029e0    0000002c     nortos_cc26x1.a : TimerPCC26XX_nortos.c.obj (.text.TimerP_setThreshold)
                  00002a0c    0000002a                     : TimerPCC26XX_nortos.c.obj (.text.TimerP_setNextTick)
                  00002a36    00000028     drivers_cc26x1.a : List.c.obj (.text.List_remove)
                  00002a5e    00000026                      : SPICC26X2DMA.c.obj (.text.flushFifos)
                  00002a84    00000024     nortos_cc26x1.a : ClockPTimer_nortos.c.obj (.text.ClockP_getTicks)
                  00002aa8    00000024     drivers_cc26x1.a : List.c.obj (.text.List_put)
                  00002acc    00000024     driverlib.lib : osc.c.obj (.text.NOROM_OSCHF_TurnOnXosc)
                  00002af0    00000024     drivers_cc26x1.a : PowerCC26X2_calibrateRCOSC_helpers.c.obj (.text.PowerCC26X2_writeCtrim)
                  00002b14    00000024                      : PowerCC26X2_calibrateRCOSC_helpers.c.obj (.text.PowerCC26X2_writeCtrimFract)
                  00002b38    00000024                      : PowerCC26X2_calibrateRCOSC_helpers.c.obj (.text.PowerCC26X2_writeCtrimFractEn)
                  00002b5c    00000024                      : PowerCC26X2_calibrateRCOSC_helpers.c.obj (.text.PowerCC26X2_writeRtrim)
                  00002b80    00000024                      : PowerCC26X2.c.obj (.text.Power_registerNotify)
                  00002ba4    00000024                      : SPICC26X2DMA.c.obj (.text.releaseConstraint)
                  00002bc8    00000024     libc.a : boot_cortex_m.c.obj (.text:_c_int00)
                  00002bec    00000022     nortos_cc26x1.a : TimerPCC26XX_nortos.c.obj (.text.TimerP_getMaxTicks)
                  00002c0e    00000002     libclang_rt.builtins.a : aeabi_div0.c.obj (.text.__aeabi_ldiv0)
                  00002c10    00000020     nortos_cc26x1.a : ClockPTimer_nortos.c.obj (.text.ClockP_add)
                  00002c30    00000020                     : ClockPTimer_nortos.c.obj (.text.ClockP_scheduleNextTick)
                  00002c50    00000020     driverlib.lib : chipinfo.c.obj (.text.NOROM_ThisLibraryIsFor_CC13x1_CC26x1_HaltIfViolated)
                  00002c70    00000020     drivers_cc26x1.a : PowerCC26X2_helpers.c.obj (.text.PowerCC26X2_disableTCXOQual)
                  00002c90    00000020                      : PowerCC26X2_helpers.c.obj (.text.PowerCC26X2_enableTCXOQual)
                  00002cb0    00000020                      : PowerCC26X2.c.obj (.text.Power_unregisterNotify)
                  00002cd0    00000020     nortos_cc26x1.a : SemaphoreP_nortos.c.obj (.text.SemaphoreP_constructBinary)
                  00002cf0    0000001e                     : QueueP_nortos.c.obj (.text.QueueP_put)
                  00002d0e    00000002                     : SemaphoreP_nortos.c.obj (.text.clkFxn)
                  00002d10    0000001c     drivers_cc26x1.a : GPIO.c.obj (.text.GPIO_setCallback)
                  00002d2c    0000001c     nortos_cc26x1.a : HwiPCC26XX_nortos.c.obj (.text.HwiP_destruct)
                  00002d48    0000001c                     : HwiPCC26XX_nortos.c.obj (.text.HwiP_dispatch)
                  00002d64    0000001c     drivers_cc26x1.a : PowerCC26X2.c.obj (.text.Power_getTransitionLatency)
                  00002d80    0000001c     nortos_cc26x1.a : SwiP_nortos.c.obj (.text.SwiP_disable)
                  00002d9c    0000001a                     : ClockPTimer_nortos.c.obj (.text.ClockP_destruct)
                  00002db6    0000001a                     : QueueP_nortos.c.obj (.text.QueueP_get)
                  00002dd0    00000018     drivers_cc26x1.a : GPIOCC26XX.c.obj (.text.GPIO_disableInt)
                  00002de8    00000018                      : PowerCC26X2.c.obj (.text.PowerCC26XX_calibrate)
                  00002e00    00000018                      : PowerCC26X2.c.obj (.text.Power_idleFunc)
                  00002e18    00000018     nortos_cc26x1.a : TimerPCC26XX_nortos.c.obj (.text.TimerP_dynamicStub)
                  00002e30    00000016     ti_drivers_config.o (.text.Board_init)
                  00002e46    00000016     nortos_cc26x1.a : SwiP_nortos.c.obj (.text.SwiP_handleHwi)
                  00002e5c    00000014     drivers_cc26x1.a : GPIOCC26XX.c.obj (.text.GPIO_read)
                  00002e70    00000014                      : GPIO.c.obj (.text.GPIO_setUserArg)
                  00002e84    00000014     nortos_cc26x1.a : HwiPCC26XX_nortos.c.obj (.text.HwiP_inISR)
                  00002e98    00000014     driverlib.lib : interrupt.c.obj (.text.NOROM_IntUnregister)
                  00002eac    00000014     drivers_cc26x1.a : SPICC26X2DMA.c.obj (.text.OUTLINED_FUNCTION_0)
                  00002ec0    00000014                      : PowerCC26X2.c.obj (.text.Power_disablePolicy)
                  00002ed4    00000014     nortos_cc26x1.a : TimerPCC26XX_nortos.c.obj (.text.TimerP_startup)
                  00002ee8    00000014     libclang_rt.builtins.a : aeabi_uldivmod.S.obj (.text.__aeabi_uldivmod)
                  00002efc    00000014     libc.a : args_main.c.obj (.text._args_main)
                  00002f10    00000012     nortos_cc26x1.a : HwiPCC26XX_nortos.c.obj (.text.HwiP_Params_init)
                  00002f22    00000012     libc.a : memcpy_t2.S.obj (.text:TI_memcpy_small)
                  00002f34    00000012            : copy_zero_init.c.obj (.text:decompress:ZI:__TI_zero_init_nomemset)
                  00002f46    00000002     drivers_cc26x1.a : PowerCC26X2.c.obj (.text.emptyClockFunc)
                  00002f48    00000010     nortos_cc26x1.a : ClockPTimer_nortos.c.obj (.text.ClockP_getCpuFreq)
                  00002f58    00000010     drivers_cc26x1.a : GPIO.c.obj (.text.GPIO_getUserArg)
                  00002f68    00000010                      : GPIOCC26XX.c.obj (.text.GPIO_write)
                  00002f78    00000010                      : PowerCC26X2_helpers.c.obj (.text.PowerCC26X2_oscCtlClearXtal)
                  00002f88    00000010                      : PowerCC26X2_helpers.c.obj (.text.PowerCC26X2_prcmEnableCacheRetention)
                  00002f98    00000010                      : PowerCC26X2_calibrateRCOSC_helpers.c.obj (.text.PowerCC26X2_readCtrim)
                  00002fa8    00000010                      : PowerCC26X2_calibrateRCOSC_helpers.c.obj (.text.PowerCC26X2_readCtrimFract)
                  00002fb8    00000010                      : PowerCC26X2_calibrateRCOSC_helpers.c.obj (.text.PowerCC26X2_readRtrim)
                  00002fc8    00000010                      : PowerCC26X2_helpers.c.obj (.text.PowerCC26X2_switchToTCXO)
                  00002fd8    00000010     nortos_cc26x1.a : PowerCC26X2_nortos.c.obj (.text.PowerCC26XX_schedulerDisable)
                  00002fe8    00000010     drivers_cc26x1.a : PowerCC26X2.c.obj (.text.Power_enablePolicy)
                  00002ff8    00000010                      : PowerCC26X2.c.obj (.text.Power_getDependencyCount)
                  00003008    00000010     nortos_cc26x1.a : SwiP_nortos.c.obj (.text.SwiP_Params_init)
                  00003018    00000010                     : TimerPCC26XX_nortos.c.obj (.text.TimerP_Params_init)
                  00003028    00000010     main_nortos.o (.text.main)
                  00003038    0000000e     nortos_cc26x1.a : HwiPCC26XX_nortos.c.obj (.text.HwiP_disable)
                  00003046    0000000e     drivers_cc26x1.a : PowerCC26X2.c.obj (.text.OUTLINED_FUNCTION_0)
                  00003054    0000000e     nortos_cc26x1.a : QueueP_nortos.c.obj (.text.QueueP_remove)
                  00003062    0000000e                     : startup_cc13x1_cc26x1_ticlang.c.obj (.text.resetISR)
                  00003070    0000000e     drivers_cc26x1.a : PowerCC26X2.c.obj (.text.switchToTCXO)
                  0000307e    0000000e     libc.a : copy_decompress_none.c.obj (.text:decompress:none)
                  0000308c    0000000c     nortos_cc26x1.a : ClockPTimer_nortos.c.obj (.text.ClockP_doTick)
                  00003098    0000000c                     : ClockPTimer_nortos.c.obj (.text.ClockP_getSystemTickPeriod)
                  000030a4    0000000c                     : HwiPCC26XX_nortos.c.obj (.text.HwiP_clearInterrupt)
                  000030b0    0000000c                     : HwiPCC26XX_nortos.c.obj (.text.HwiP_disableInterrupt)
                  000030bc    0000000c                     : HwiPCC26XX_nortos.c.obj (.text.HwiP_enableInterrupt)
                  000030c8    0000000c                     : HwiPCC26XX_nortos.c.obj (.text.HwiP_post)
                  000030d4    0000000c     drivers_cc26x1.a : PowerCC26X2_helpers.c.obj (.text.PowerCC26X2_oscClockSourceGet)
                  000030e0    0000000c                      : PowerCC26X2_helpers.c.obj (.text.PowerCC26X2_setPeriphDeepSleepEnable)
                  000030ec    0000000c                      : PowerCC26X2_helpers.c.obj (.text.PowerCC26X2_sysCtrlGetResetSource)
                  000030f8    0000000c                      : PowerCC26X2_helpers.c.obj (.text.PowerCC26X2_sysCtrlUpdateVoltageRegulator)
                  00003104    0000000c     nortos_cc26x1.a : PowerCC26X2_nortos.c.obj (.text.PowerCC26XX_schedulerRestore)
                  00003110    0000000c     drivers_cc26x1.a : PowerCC26X2.c.obj (.text.Power_getConstraintMask)
                  0000311c    0000000c     nortos_cc26x1.a : QueueP_nortos.c.obj (.text.QueueP_empty)
                  00003128    0000000c     drivers_cc26x1.a : SPI.c.obj (.text.SPI_Params_init)
                  00003134    0000000c                      : SPICC26X2DMA.c.obj (.text.spiPostNotify)
                  00003140    0000000a     nortos_cc26x1.a : ClockPTimer_nortos.c.obj (.text.ClockP_Params_init)
                  0000314a    0000000a     drivers_cc26x1.a : PowerCC26X2_helpers.c.obj (.text.PowerCC26X2_sysCtrlStandby)
                  00003154    0000000a                      : SPICC26X2DMA.c.obj (.text.SPICC26X2DMA_init)
                  0000315e    0000000a                      : UDMACC26XX.c.obj (.text.UDMACC26XX_hwiIntFxn)
                  00003168    00000008     nortos_cc26x1.a : HwiPCC26XX_nortos.c.obj (.text.HwiP_restore)
                  00003170    00000008     driverlib.lib : cpu.c.obj (.text.NOROM_CPUcpsid)
                  00003178    00000008                   : cpu.c.obj (.text.NOROM_CPUcpsie)
                  00003180    00000008     drivers_cc26x1.a : SPICC26X2DMA.c.obj (.text.OUTLINED_FUNCTION_1)
                  00003188    00000008                      : PowerCC26X2_helpers.c.obj (.text.PowerCC26X2_oschfTrySwitchToXosc)
                  00003190    00000008                      : SPICC26X2DMA.c.obj (.text.blockingTransferCallback)
                  00003198    00000006     nortos_cc26x1.a : ClockPTimer_nortos.c.obj (.text.ClockP_stop)
                  0000319e    00000006     drivers_cc26x1.a : GPIOCC26XX.c.obj (.text.GPIO_setConfig)
                  000031a4    00000006     driverlib.lib : cpu.c.obj (.text.NOROM_CPUdelay)
                  000031aa    00000006     nortos_cc26x1.a : QueueP_nortos.c.obj (.text.QueueP_init)
                  000031b0    00000006     drivers_cc26x1.a : SPI.c.obj (.text.SPI_transfer)
                  000031b6    00000004     nortos_cc26x1.a : ClockPTimer_nortos.c.obj (.text.ClockP_isActive)
                  000031ba    00000004                     : ClockPTimer_nortos.c.obj (.text.ClockP_setTimeout)
                  000031be    00000004                     : HwiPCC26XX_nortos.c.obj (.text.HwiP_enable)
                  000031c2    00000004                     : NoRTOS.c.obj (.text.NoRTOS_start)
                  000031c6    00000004     drivers_cc26x1.a : PowerCC26X2_helpers.c.obj (.text.PowerCC26X2_oschfSwitchToRcosc)
                  000031ca    00000004                      : PowerCC26X2_helpers.c.obj (.text.PowerCC26X2_sysCtrlIdle)
                  000031ce    00000004                      : PowerCC26X2_helpers.c.obj (.text.PowerCC26X2_turnOnXosc)
                  000031d2    00000004     nortos_cc26x1.a : QueueP_nortos.c.obj (.text.QueueP_head)
                  000031d6    00000004                     : QueueP_nortos.c.obj (.text.QueueP_next)
                  000031da    00000002                     : startup_cc13x1_cc26x1_ticlang.c.obj (.text.faultISR)
                  000031dc    00000004     libclang_rt.builtins.a : aeabi_memcpy.S.obj (.text.__aeabi_memcpy)
                  000031e0    00000004     libc.a : pre_init.c.obj (.text._system_pre_init)
                  000031e4    00000004     drivers_cc26x1.a : PowerCC26X2.c.obj (.text.configureRFCoreClocks)
                  000031e8    00000004                      : PowerCC26X2.c.obj (.text.nopResourceHandler)
                  000031ec    00000004     libc.a : exit.c.obj (.text:abort)
                  000031f0    00000002     nortos_cc26x1.a : startup_cc13x1_cc26x1_ticlang.c.obj (.text.intDefaultHandler)
                  000031f2    00000002                     : startup_cc13x1_cc26x1_ticlang.c.obj (.text.nmiISR)

.rodata    0    000031f4    00000167     
                  000031f4    0000004c     drivers_cc26x1.a : PowerCC26X2.c.obj (.rodata.resourceDB)
                  00003240    00000040     ti_drivers_config.o (.rodata.spiCC26X2DMAHWAttrs)
                  00003280    00000020     drivers_cc26x1.a : SPI.c.obj (.rodata.SPI_defaultParams)
                  000032a0    00000018                      : SPICC26X2DMA.c.obj (.rodata.SPICC26X2DMA_fxnTable)
                  000032b8    00000018                      : SPICC26X2DMA.c.obj (.rodata.cst8)
                  000032d0    00000018                      : SPICC26X2DMA.c.obj (.rodata.frameFormat)
                  000032e8    00000014     ti_drivers_config.o (.rodata.PowerCC26X2_config)
                  000032fc    00000010     ti_drivers_config.o (.rodata.GPIO_config)
                  0000330c    00000010     nortos_cc26x1.a : SwiP_nortos.c.obj (.rodata.cst16)
                  0000331c    0000000c                     : ClockPTimer_nortos.c.obj (.rodata.ClockP_defaultParams)
                  00003328    0000000c     ti_drivers_config.o (.rodata.SPI_config)
                  00003334    0000000c     nortos_cc26x1.a : TimerPCC26XX_nortos.c.obj (.rodata.TimerP_defaultParams)
                  00003340    00000008     ti_drivers_config.o (.rodata.UDMACC26XX_config)
                  00003348    00000008     driverlib.lib : aux_sysif.c.obj (.rodata.cst4)
                  00003350    00000008     ti_drivers_config.o (.rodata.udmaCC26XXHWAttrs)
                  00003358    00000001     ti_drivers_config.o (.rodata.GPIO_pinLowerBound)
                  00003359    00000001     ti_drivers_config.o (.rodata.GPIO_pinUpperBound)
                  0000335a    00000001     ti_drivers_config.o (.rodata.SPI_count)

.cinit     0    00003364    000000b0     
                  00003364    0000004a     (.cinit..data.load) [load image, compression = lzss]
                  000033ae    00000002     --HOLE-- [fill = 0]
                  000033b0    0000000c     (__TI_handler_table)
                  000033bc    00000008     (.cinit..TI.bound:dmaSpi0RxAltControlTableEntry.load) [load image, compression = zero_init]
                  000033c4    00000008     (.cinit..TI.bound:dmaSpi0RxControlTableEntry.load) [load image, compression = zero_init]
                  000033cc    00000008     (.cinit..TI.bound:dmaSpi0TxAltControlTableEntry.load) [load image, compression = zero_init]
                  000033d4    00000008     (.cinit..TI.bound:dmaSpi0TxControlTableEntry.load) [load image, compression = zero_init]
                  000033dc    00000008     (.cinit..bss.load) [load image, compression = zero_init]
                  000033e4    00000030     (__TI_cinit_table)

.init_array 
*          0    00000000    00000000     UNINITIALIZED

.ccfg      0    00057fa8    00000058     
                  00057fa8    00000058     ti_devices_config.o (.ccfg)

.data      0    20000000    0000037c     UNINITIALIZED
                  20000000    00000174     drivers_cc26x1.a : PowerCC26X2.c.obj (.data.PowerCC26X2_module)
                  20000174    000000d8     nortos_cc26x1.a : HwiPCC26XX_nortos.c.obj (.data.HwiP_dispatchTable)
                  2000024c    00000080     ti_drivers_config.o (.data.gpioPinConfigs)
                  200002cc    0000004c     nortos_cc26x1.a : SwiP_nortos.c.obj (.data..L_MergedGlobals)
                  20000318    00000020                     : TimerPCC26XX_nortos.c.obj (.data..L_MergedGlobals)
                  20000338    00000010     driverlib.lib : osc.c.obj (.data..L_MergedGlobals)
                  20000348    00000010     nortos_cc26x1.a : SemaphoreP_nortos.c.obj (.data..L_MergedGlobals)
                  20000358    00000010     driverlib.lib : osc.c.obj (.data._hposcCoeffs)
                  20000368    00000008     nortos_cc26x1.a : ClockPTimer_nortos.c.obj (.data..L_MergedGlobals)
                  20000370    00000004                     : HwiPCC26XX_nortos.c.obj (.data.HwiP_swiPIntNum)
                  20000374    00000004     drivers_cc26x1.a : PowerCC26X2.c.obj (.data.PowerCC26X2_rtcSubSecInc)
                  20000378    00000001     nortos_cc26x1.a : SwiP_nortos.c.obj (.data.SwiP_initialized)
                  20000379    00000001                     : TimerPCC26XX_nortos.c.obj (.data.TimerP_initialized)
                  2000037a    00000001     drivers_cc26x1.a : GPIOCC26X2.c.obj (.data.initCalled)
                  2000037b    00000001                      : SPI.c.obj (.data.isInitialized)

.ramVecs   0    20000500    000000d8     NOLOAD SECTION
                  20000500    000000d8     driverlib.lib : interrupt.c.obj (.ramVecs)

.sysmem    0    20000650    00002000     UNINITIALIZED
                  20000650    00000010     libc.a : memory.c.obj (.sysmem)
                  20000660    00001ff0     --HOLE--

.bss       0    20002650    000002e8     UNINITIALIZED
                  20002650    00000100     (.common:spiCC26X2DMAObjects)
                  20002750    000000a8     nortos_cc26x1.a : ClockPTimer_nortos.c.obj (.bss.ClockP_module)
                  200027f8    00000080     (.common:gpioCallbackFunctions)
                  20002878    00000080     (.common:gpioUserArgs)
                  200028f8    00000020     (.common:udmaCC26XXObject)
                  20002918    0000001c     drivers_cc26x1.a : GPIOCC26X2.c.obj (.bss.gpioHwi)
                  20002934    00000004     nortos_cc26x1.a : PowerCC26X2_nortos.c.obj (.bss.PowerCC26X2_swiKey)

.stack     0    20007c00    00000400     UNINITIALIZED
                  20007c00    00000004     libc.a : boot_cortex_m.c.obj (.stack)
                  20007c04    000003fc     --HOLE--

.log_data 
*          0    90000000    00000000     COPY SECTION

.log_ptr   0    94000008    00000000     COPY SECTION

__llvm_prf_cnts 
*          0    20000000    00000000     UNINITIALIZED

__llvm_prf_bits 
*          0    20000000    00000000     UNINITIALIZED

.TI.bound:dmaSpi0RxControlTableEntry 
*          0    20000430    00000010     UNINITIALIZED
                  20000430    00000010     ti_drivers_config.o (.TI.bound:dmaSpi0RxControlTableEntry)

.TI.bound:dmaSpi0TxControlTableEntry 
*          0    20000440    00000010     UNINITIALIZED
                  20000440    00000010     ti_drivers_config.o (.TI.bound:dmaSpi0TxControlTableEntry)

.TI.bound:dmaSpi0RxAltControlTableEntry 
*          0    20000630    00000010     UNINITIALIZED
                  20000630    00000010     ti_drivers_config.o (.TI.bound:dmaSpi0RxAltControlTableEntry)

.TI.bound:dmaSpi0TxAltControlTableEntry 
*          0    20000640    00000010     UNINITIALIZED
                  20000640    00000010     ti_drivers_config.o (.TI.bound:dmaSpi0TxAltControlTableEntry)

.args      0    0000335c    00000008     
                  0000335c    00000008     --HOLE-- [fill = 0]

MODULE SUMMARY

       Module                                     code    ro data   rw data
       ------                                     ----    -------   -------
    ./
       imu_spi.o                                  80      0         0      
       main_nortos.o                              16      0         0      
    +--+------------------------------------------+-------+---------+---------+
       Total:                                     96      0         0      
                                                                           
    ./syscfg/
       ti_drivers_config.o                        230     131       736    
       ti_devices_config.o                        0       88        0      
    +--+------------------------------------------+-------+---------+---------+
       Total:                                     230     219       736    
                                                                           
    /Applications/ti/ccs1260/ccs/tools/compiler/ti-cgt-armllvm_3.2.1.LTS/lib/armv7em-ti-none-eabi/c/libc.a
       copy_decompress_lzss.c.obj                 112     0         0      
       autoinit.c.obj                             56      0         0      
       boot_cortex_m.c.obj                        36      0         0      
       args_main.c.obj                            20      0         0      
       copy_zero_init.c.obj                       18      0         0      
       memcpy_t2.S.obj                            18      0         0      
       copy_decompress_none.c.obj                 14      0         0      
       exit.c.obj                                 4       0         0      
       pre_init.c.obj                             4       0         0      
    +--+------------------------------------------+-------+---------+---------+
       Total:                                     282     0         0      
                                                                           
    /Applications/ti/ccs1260/ccs/tools/compiler/ti-cgt-armllvm_3.2.1.LTS/lib/clang/15.0.7/lib/armv7em-ti-none-eabi/libclang_rt.builtins.a
       udivmoddi4.S.obj                           176     0         0      
       aeabi_uldivmod.S.obj                       20      0         0      
       aeabi_memcpy.S.obj                         4       0         0      
       aeabi_div0.c.obj                           2       0         0      
    +--+------------------------------------------+-------+---------+---------+
       Total:                                     202     0         0      
                                                                           
    /Applications/ti/simplelink_cc13xx_cc26xx_sdk_7_40_00_77/kernel/nortos/lib/ticlang/m4/nortos_cc26x1.a
       ClockPTimer_nortos.c.obj                   814     12        176    
       SwiP_nortos.c.obj                          610     16        77     
       HwiPCC26XX_nortos.c.obj                    292     0         220    
       TimerPCC26XX_nortos.c.obj                  464     12        33     
       SemaphoreP_nortos.c.obj                    332     0         16     
       PowerCC26X2_nortos.c.obj                   248     0         4      
       startup_cc13x1_cc26x1_ticlang.c.obj        20      216       0      
       QueueP_nortos.c.obj                        96      0         0      
       NoRTOS.c.obj                               4       0         0      
    +--+------------------------------------------+-------+---------+---------+
       Total:                                     2880    256       526    
                                                                           
    /Applications/ti/simplelink_cc13xx_cc26xx_sdk_7_40_00_77/source/ti/devices/cc13x1_cc26x1/driverlib/bin/ticlang/driverlib.lib
       setup.c.obj                                432     0         0      
       osc.c.obj                                  308     0         32     
       sys_ctrl.c.obj                             296     0         0      
       interrupt.c.obj                            66      0         216    
       prcm.c.obj                                 136     0         0      
       aux_sysif.c.obj                            56      8         0      
       chipinfo.c.obj                             32      0         0      
       cpu.c.obj                                  22      0         0      
    +--+------------------------------------------+-------+---------+---------+
       Total:                                     1348    8         248    
                                                                           
    /Applications/ti/simplelink_cc13xx_cc26xx_sdk_7_40_00_77/source/ti/drivers/lib/ticlang/m4/drivers_cc26x1.a
       SPICC26X2DMA.c.obj                         3108    72        0      
       PowerCC26X2.c.obj                          1758    76        376    
       PowerCC26X2_calibrateRCOSC.c.obj           836     0         0      
       PowerCC26X2_calibrateRCOSC_helpers.c.obj   432     0         0      
       GPIOCC26X2.c.obj                           328     0         29     
       PowerCC26X2_helpers.c.obj                  298     0         0      
       GPIOCC26XX.c.obj                           258     0         0      
       SPI.c.obj                                  150     32        1      
       UDMACC26XX.c.obj                           166     0         0      
       GPIO.c.obj                                 124     0         0      
       List.c.obj                                 76      0         0      
    +--+------------------------------------------+-------+---------+---------+
       Total:                                     7534    180       406    
                                                                           
       Heap:                                      0       0         8192   
       Stack:                                     0       0         1024   
       Linker Generated:                          0       174       0      
    +--+------------------------------------------+-------+---------+---------+
       Grand Total:                               12572   837       11132  


LINKER GENERATED COPY TABLES

__TI_cinit_table @ 000033e4 records: 6, size/record: 8, table size: 48
	.data: load addr=00003364, load size=0000004a bytes, run addr=20000000, run size=0000037c bytes, compression=lzss
	.TI.bound:dmaSpi0RxAltControlTableEntry: load addr=000033bc, load size=00000008 bytes, run addr=20000630, run size=00000010 bytes, compression=zero_init
	.TI.bound:dmaSpi0RxControlTableEntry: load addr=000033c4, load size=00000008 bytes, run addr=20000430, run size=00000010 bytes, compression=zero_init
	.TI.bound:dmaSpi0TxAltControlTableEntry: load addr=000033cc, load size=00000008 bytes, run addr=20000640, run size=00000010 bytes, compression=zero_init
	.TI.bound:dmaSpi0TxControlTableEntry: load addr=000033d4, load size=00000008 bytes, run addr=20000440, run size=00000010 bytes, compression=zero_init
	.bss: load addr=000033dc, load size=00000008 bytes, run addr=20002650, run size=000002e8 bytes, compression=zero_init


LINKER GENERATED HANDLER TABLE

__TI_handler_table @ 000033b0 records: 3, size/record: 4, table size: 12
	index: 0, handler: __TI_decompress_lzss
	index: 1, handler: __TI_decompress_none
	index: 2, handler: __TI_zero_init


SEGMENT ATTRIBUTES

    id tag       seg value 
    -- ---       --- ----- 
     0 PHA_BOUND 5   (null)
     1 PHA_BOUND 6   (null)


GLOBAL SYMBOLS: SORTED ALPHABETICALLY BY Name 

address   name                                               
-------   ----                                               
00002e31  Board_init                                         
0000194f  Board_initHook                                     
000021a9  Board_sendExtFlashByte                             
000020b9  Board_shutDownExtFlash                             
000028c5  Board_wakeUpExtFlash                               
000031ec  C$$EXIT                                            
00003141  ClockP_Params_init                                 
00002c11  ClockP_add                                         
000022dd  ClockP_construct                                   
00002d9d  ClockP_destruct                                    
0000308d  ClockP_doTick                                      
00002f49  ClockP_getCpuFreq                                  
00003099  ClockP_getSystemTickPeriod                         
00002a85  ClockP_getTicks                                    
000028f5  ClockP_getTicksUntilInterrupt                      
000031b7  ClockP_isActive                                    
00002c31  ClockP_scheduleNextTick                            
000031bb  ClockP_setTimeout                                  
00001d7d  ClockP_start                                       
00001b99  ClockP_startup                                     
00003199  ClockP_stop                                        
2000036c  ClockP_tickPeriod                                  
00001ec9  ClockP_walkQueueDynamic                            
0000176d  ClockP_workFuncDynamic                             
000032fc  GPIO_config                                        
00002dd1  GPIO_disableInt                                    
00002f59  GPIO_getUserArg                                    
0000236d  GPIO_hwiIntFxn                                     
00000d71  GPIO_init                                          
00003358  GPIO_pinLowerBound                                 
00003359  GPIO_pinUpperBound                                 
00002e5d  GPIO_read                                          
0000257d  GPIO_resetConfig                                   
00002d11  GPIO_setCallback                                   
0000319f  GPIO_setConfig                                     
000019e9  GPIO_setConfigAndMux                               
00002925  GPIO_setInterruptConfig                            
00002e71  GPIO_setUserArg                                    
00002f69  GPIO_write                                         
00002f11  HwiP_Params_init                                   
000030a5  HwiP_clearInterrupt                                
00001c15  HwiP_construct                                     
00002d2d  HwiP_destruct                                      
00003039  HwiP_disable                                       
000030b1  HwiP_disableInterrupt                              
000031bf  HwiP_enable                                        
000030bd  HwiP_enableInterrupt                               
00002e85  HwiP_inISR                                         
000030c9  HwiP_post                                          
00003169  HwiP_restore                                       
20000370  HwiP_swiPIntNum                                    
UNDEFED   ITM_flush                                          
UNDEFED   ITM_restore                                        
00002aa9  List_put                                           
00002a37  List_remove                                        
00002631  NOROM_AUXSYSIFOpModeChange                         
00003171  NOROM_CPUcpsid                                     
00003179  NOROM_CPUcpsie                                     
000031a5  NOROM_CPUdelay                                     
000029b5  NOROM_IntRegister                                  
00002e99  NOROM_IntUnregister                                
00001f31  NOROM_OSCHF_AttemptToSwitchToXosc                  
00002669  NOROM_OSCHF_SwitchToRcOscTurnOffXosc               
00002acd  NOROM_OSCHF_TurnOnXosc                             
000025b9  NOROM_OSC_HPOSCRelativeFrequencyOffsetGet          
000023b1  NOROM_PRCMPowerDomainsAllOff                       
000023f5  NOROM_PRCMPowerDomainsAllOn                        
000012fd  NOROM_SetupTrimDevice                              
000026a1  NOROM_SysCtrlIdle                                  
00000f71  NOROM_SysCtrlStandby                               
00002c51  NOROM_ThisLibraryIsFor_CC13x1_CC26x1_HaltIfViolated
000031c3  NoRTOS_start                                       
0000247d  PowerCC26X2_RCOSC_clockFunc                        
00000565  PowerCC26X2_auxISR                                 
00000c65  PowerCC26X2_calibrate                              
000032e8  PowerCC26X2_config                                 
00002c71  PowerCC26X2_disableTCXOQual                        
00002c91  PowerCC26X2_enableTCXOQual                         
00001f95  PowerCC26X2_initiateCalibration                    
20000000  PowerCC26X2_module                                 
000030d5  PowerCC26X2_oscClockSourceGet                      
00002f79  PowerCC26X2_oscCtlClearXtal                        
00002711  PowerCC26X2_oscDisableQualifiers                   
000031c7  PowerCC26X2_oschfSwitchToRcosc                     
00003189  PowerCC26X2_oschfTrySwitchToXosc                   
00002f89  PowerCC26X2_prcmEnableCacheRetention               
00002f99  PowerCC26X2_readCtrim                              
00002fa9  PowerCC26X2_readCtrimFract                         
00002fb9  PowerCC26X2_readRtrim                              
000024bd  PowerCC26X2_setAclkRefSrc                          
000030e1  PowerCC26X2_setPeriphDeepSleepEnable               
00002829  PowerCC26X2_setSubSecIncToXoscLf                   
000025f5  PowerCC26X2_setTdcClkSrc24M                        
00002fc9  PowerCC26X2_switchToTCXO                           
000030ed  PowerCC26X2_sysCtrlGetResetSource                  
000031cb  PowerCC26X2_sysCtrlIdle                            
0000314b  PowerCC26X2_sysCtrlStandby                         
000030f9  PowerCC26X2_sysCtrlUpdateVoltageRegulator          
000031cf  PowerCC26X2_turnOnXosc                             
00001d09  PowerCC26X2_updateSubSecInc                        
00002af1  PowerCC26X2_writeCtrim                             
00002b15  PowerCC26X2_writeCtrimFract                        
00002b39  PowerCC26X2_writeCtrimFractEn                      
00002b5d  PowerCC26X2_writeRtrim                             
00002de9  PowerCC26XX_calibrate                              
00002fd9  PowerCC26XX_schedulerDisable                       
00003105  PowerCC26XX_schedulerRestore                       
00001221  PowerCC26XX_standbyPolicy                          
00002ec1  Power_disablePolicy                                
00002fe9  Power_enablePolicy                                 
00003111  Power_getConstraintMask                            
00002ff9  Power_getDependencyCount                           
00002d65  Power_getTransitionLatency                         
00002e01  Power_idleFunc                                     
00000b4d  Power_init                                         
00002b81  Power_registerNotify                               
0000285d  Power_releaseConstraint                            
000016c1  Power_releaseDependency                            
00002955  Power_setConstraint                                
00001561  Power_setDependency                                
000009f5  Power_sleep                                        
00002cb1  Power_unregisterNotify                             
0000311d  QueueP_empty                                       
00002db7  QueueP_get                                         
000031d3  QueueP_head                                        
000031ab  QueueP_init                                        
000031d7  QueueP_next                                        
00002cf1  QueueP_put                                         
00003055  QueueP_remove                                      
00001c91  SPICC26X2DMA_close                                 
00001061  SPICC26X2DMA_control                               
000032a0  SPICC26X2DMA_fxnTable                              
00003155  SPICC26X2DMA_init                                  
000006f9  SPICC26X2DMA_open                                  
000000d9  SPICC26X2DMA_transfer                              
00001a79  SPICC26X2DMA_transferCancel                        
00003129  SPI_Params_init                                    
00003328  SPI_config                                         
0000335a  SPI_count                                          
00003280  SPI_defaultParams                                  
00002439  SPI_init                                           
000024fd  SPI_open                                           
000031b1  SPI_transfer                                       
00002109  SemaphoreP_construct                               
00002cd1  SemaphoreP_constructBinary                         
20000350  SemaphoreP_defaultParams                           
000022db  SemaphoreP_destruct                                
00001951  SemaphoreP_pend                                    
0000253d  SemaphoreP_post                                    
00003009  SwiP_Params_init                                   
0000149d  SwiP_construct                                     
00002749  SwiP_destruct                                      
00002d81  SwiP_disable                                       
00001b09  SwiP_dispatch                                      
0000205d  SwiP_post                                          
00002781  SwiP_restore                                       
00002f23  TI_memcpy_small                                    
00003019  TimerP_Params_init                                 
00001811  TimerP_construct                                   
00002e19  TimerP_dynamicStub                                 
00002891  TimerP_getCurrentTick                              
00002bed  TimerP_getMaxTicks                                 
00002a0d  TimerP_setNextTick                                 
000029e1  TimerP_setThreshold                                
00002325  TimerP_start                                       
00002ed5  TimerP_startup                                     
000027b9  UDMACC26XX_close                                   
00003340  UDMACC26XX_config                                  
0000315f  UDMACC26XX_hwiIntFxn                               
00001ff9  UDMACC26XX_open                                    
20008000  __STACK_END                                        
00000400  __STACK_SIZE                                       
00002000  __SYSMEM_SIZE                                      
00000000  __TI_ATRegion0_region_sz                           
00000000  __TI_ATRegion0_src_addr                            
00000000  __TI_ATRegion0_trg_addr                            
00000000  __TI_ATRegion1_region_sz                           
00000000  __TI_ATRegion1_src_addr                            
00000000  __TI_ATRegion1_trg_addr                            
00000000  __TI_ATRegion2_region_sz                           
00000000  __TI_ATRegion2_src_addr                            
00000000  __TI_ATRegion2_trg_addr                            
000033e4  __TI_CINIT_Base                                    
00003414  __TI_CINIT_Limit                                   
00003414  __TI_CINIT_Warm                                    
000033b0  __TI_Handler_Table_Base                            
000033bc  __TI_Handler_Table_Limit                           
000027f1  __TI_auto_init_nobinit_nopinit                     
00001ded  __TI_decompress_lzss                               
0000307f  __TI_decompress_none                               
ffffffff  __TI_pprof_out_hndl                                
ffffffff  __TI_prof_data_size                                
ffffffff  __TI_prof_data_start                               
00000000  __TI_static_base__                                 
00002f35  __TI_zero_init_nomemset                            
00002c0f  __aeabi_ldiv0                                      
000031dd  __aeabi_memcpy                                     
000031dd  __aeabi_memcpy4                                    
000031dd  __aeabi_memcpy8                                    
00002ee9  __aeabi_uldivmod                                   
ffffffff  __binit__                                          
0000335c  __c_args__                                         
00057fa8  __ccfg                                             
UNDEFED   __mpu_init                                         
20007c00  __stack                                            
20000000  __start___llvm_prf_bits                            
20000000  __start___llvm_prf_cnts                            
20000000  __stop___llvm_prf_bits                             
20000000  __stop___llvm_prf_cnts                             
00001611  __udivmoddi4                                       
00002efd  _args_main                                         
00002bc9  _c_int00                                           
20000358  _hposcCoeffs                                       
20000650  _sys_memory                                        
UNDEFED   _system_post_cinit                                 
000031e1  _system_pre_init                                   
000031ed  abort                                              
ffffffff  binit                                              
00002d0f  clkFxn                                             
00000000  g_pfnVectors                                       
200027f8  gpioCallbackFunctions                              
2000024c  gpioPinConfigs                                     
20002878  gpioUserArgs                                       
00003029  main                                               
00002159  mainThread                                         
00003063  resetISR                                           
000031f4  resourceDB                                         
00003240  spiCC26X2DMAHWAttrs                                
20002650  spiCC26X2DMAObjects                                
00003350  udmaCC26XXHWAttrs                                  
200028f8  udmaCC26XXObject                                   


GLOBAL SYMBOLS: SORTED BY Symbol Address 

address   name                                               
-------   ----                                               
00000000  __TI_ATRegion0_region_sz                           
00000000  __TI_ATRegion0_src_addr                            
00000000  __TI_ATRegion0_trg_addr                            
00000000  __TI_ATRegion1_region_sz                           
00000000  __TI_ATRegion1_src_addr                            
00000000  __TI_ATRegion1_trg_addr                            
00000000  __TI_ATRegion2_region_sz                           
00000000  __TI_ATRegion2_src_addr                            
00000000  __TI_ATRegion2_trg_addr                            
00000000  __TI_static_base__                                 
00000000  g_pfnVectors                                       
000000d9  SPICC26X2DMA_transfer                              
00000400  __STACK_SIZE                                       
00000565  PowerCC26X2_auxISR                                 
000006f9  SPICC26X2DMA_open                                  
000009f5  Power_sleep                                        
00000b4d  Power_init                                         
00000c65  PowerCC26X2_calibrate                              
00000d71  GPIO_init                                          
00000f71  NOROM_SysCtrlStandby                               
00001061  SPICC26X2DMA_control                               
00001221  PowerCC26XX_standbyPolicy                          
000012fd  NOROM_SetupTrimDevice                              
0000149d  SwiP_construct                                     
00001561  Power_setDependency                                
00001611  __udivmoddi4                                       
000016c1  Power_releaseDependency                            
0000176d  ClockP_workFuncDynamic                             
00001811  TimerP_construct                                   
0000194f  Board_initHook                                     
00001951  SemaphoreP_pend                                    
000019e9  GPIO_setConfigAndMux                               
00001a79  SPICC26X2DMA_transferCancel                        
00001b09  SwiP_dispatch                                      
00001b99  ClockP_startup                                     
00001c15  HwiP_construct                                     
00001c91  SPICC26X2DMA_close                                 
00001d09  PowerCC26X2_updateSubSecInc                        
00001d7d  ClockP_start                                       
00001ded  __TI_decompress_lzss                               
00001ec9  ClockP_walkQueueDynamic                            
00001f31  NOROM_OSCHF_AttemptToSwitchToXosc                  
00001f95  PowerCC26X2_initiateCalibration                    
00001ff9  UDMACC26XX_open                                    
00002000  __SYSMEM_SIZE                                      
0000205d  SwiP_post                                          
000020b9  Board_shutDownExtFlash                             
00002109  SemaphoreP_construct                               
00002159  mainThread                                         
000021a9  Board_sendExtFlashByte                             
000022db  SemaphoreP_destruct                                
000022dd  ClockP_construct                                   
00002325  TimerP_start                                       
0000236d  GPIO_hwiIntFxn                                     
000023b1  NOROM_PRCMPowerDomainsAllOff                       
000023f5  NOROM_PRCMPowerDomainsAllOn                        
00002439  SPI_init                                           
0000247d  PowerCC26X2_RCOSC_clockFunc                        
000024bd  PowerCC26X2_setAclkRefSrc                          
000024fd  SPI_open                                           
0000253d  SemaphoreP_post                                    
0000257d  GPIO_resetConfig                                   
000025b9  NOROM_OSC_HPOSCRelativeFrequencyOffsetGet          
000025f5  PowerCC26X2_setTdcClkSrc24M                        
00002631  NOROM_AUXSYSIFOpModeChange                         
00002669  NOROM_OSCHF_SwitchToRcOscTurnOffXosc               
000026a1  NOROM_SysCtrlIdle                                  
00002711  PowerCC26X2_oscDisableQualifiers                   
00002749  SwiP_destruct                                      
00002781  SwiP_restore                                       
000027b9  UDMACC26XX_close                                   
000027f1  __TI_auto_init_nobinit_nopinit                     
00002829  PowerCC26X2_setSubSecIncToXoscLf                   
0000285d  Power_releaseConstraint                            
00002891  TimerP_getCurrentTick                              
000028c5  Board_wakeUpExtFlash                               
000028f5  ClockP_getTicksUntilInterrupt                      
00002925  GPIO_setInterruptConfig                            
00002955  Power_setConstraint                                
000029b5  NOROM_IntRegister                                  
000029e1  TimerP_setThreshold                                
00002a0d  TimerP_setNextTick                                 
00002a37  List_remove                                        
00002a85  ClockP_getTicks                                    
00002aa9  List_put                                           
00002acd  NOROM_OSCHF_TurnOnXosc                             
00002af1  PowerCC26X2_writeCtrim                             
00002b15  PowerCC26X2_writeCtrimFract                        
00002b39  PowerCC26X2_writeCtrimFractEn                      
00002b5d  PowerCC26X2_writeRtrim                             
00002b81  Power_registerNotify                               
00002bc9  _c_int00                                           
00002bed  TimerP_getMaxTicks                                 
00002c0f  __aeabi_ldiv0                                      
00002c11  ClockP_add                                         
00002c31  ClockP_scheduleNextTick                            
00002c51  NOROM_ThisLibraryIsFor_CC13x1_CC26x1_HaltIfViolated
00002c71  PowerCC26X2_disableTCXOQual                        
00002c91  PowerCC26X2_enableTCXOQual                         
00002cb1  Power_unregisterNotify                             
00002cd1  SemaphoreP_constructBinary                         
00002cf1  QueueP_put                                         
00002d0f  clkFxn                                             
00002d11  GPIO_setCallback                                   
00002d2d  HwiP_destruct                                      
00002d65  Power_getTransitionLatency                         
00002d81  SwiP_disable                                       
00002d9d  ClockP_destruct                                    
00002db7  QueueP_get                                         
00002dd1  GPIO_disableInt                                    
00002de9  PowerCC26XX_calibrate                              
00002e01  Power_idleFunc                                     
00002e19  TimerP_dynamicStub                                 
00002e31  Board_init                                         
00002e5d  GPIO_read                                          
00002e71  GPIO_setUserArg                                    
00002e85  HwiP_inISR                                         
00002e99  NOROM_IntUnregister                                
00002ec1  Power_disablePolicy                                
00002ed5  TimerP_startup                                     
00002ee9  __aeabi_uldivmod                                   
00002efd  _args_main                                         
00002f11  HwiP_Params_init                                   
00002f23  TI_memcpy_small                                    
00002f35  __TI_zero_init_nomemset                            
00002f49  ClockP_getCpuFreq                                  
00002f59  GPIO_getUserArg                                    
00002f69  GPIO_write                                         
00002f79  PowerCC26X2_oscCtlClearXtal                        
00002f89  PowerCC26X2_prcmEnableCacheRetention               
00002f99  PowerCC26X2_readCtrim                              
00002fa9  PowerCC26X2_readCtrimFract                         
00002fb9  PowerCC26X2_readRtrim                              
00002fc9  PowerCC26X2_switchToTCXO                           
00002fd9  PowerCC26XX_schedulerDisable                       
00002fe9  Power_enablePolicy                                 
00002ff9  Power_getDependencyCount                           
00003009  SwiP_Params_init                                   
00003019  TimerP_Params_init                                 
00003029  main                                               
00003039  HwiP_disable                                       
00003055  QueueP_remove                                      
00003063  resetISR                                           
0000307f  __TI_decompress_none                               
0000308d  ClockP_doTick                                      
00003099  ClockP_getSystemTickPeriod                         
000030a5  HwiP_clearInterrupt                                
000030b1  HwiP_disableInterrupt                              
000030bd  HwiP_enableInterrupt                               
000030c9  HwiP_post                                          
000030d5  PowerCC26X2_oscClockSourceGet                      
000030e1  PowerCC26X2_setPeriphDeepSleepEnable               
000030ed  PowerCC26X2_sysCtrlGetResetSource                  
000030f9  PowerCC26X2_sysCtrlUpdateVoltageRegulator          
00003105  PowerCC26XX_schedulerRestore                       
00003111  Power_getConstraintMask                            
0000311d  QueueP_empty                                       
00003129  SPI_Params_init                                    
00003141  ClockP_Params_init                                 
0000314b  PowerCC26X2_sysCtrlStandby                         
00003155  SPICC26X2DMA_init                                  
0000315f  UDMACC26XX_hwiIntFxn                               
00003169  HwiP_restore                                       
00003171  NOROM_CPUcpsid                                     
00003179  NOROM_CPUcpsie                                     
00003189  PowerCC26X2_oschfTrySwitchToXosc                   
00003199  ClockP_stop                                        
0000319f  GPIO_setConfig                                     
000031a5  NOROM_CPUdelay                                     
000031ab  QueueP_init                                        
000031b1  SPI_transfer                                       
000031b7  ClockP_isActive                                    
000031bb  ClockP_setTimeout                                  
000031bf  HwiP_enable                                        
000031c3  NoRTOS_start                                       
000031c7  PowerCC26X2_oschfSwitchToRcosc                     
000031cb  PowerCC26X2_sysCtrlIdle                            
000031cf  PowerCC26X2_turnOnXosc                             
000031d3  QueueP_head                                        
000031d7  QueueP_next                                        
000031dd  __aeabi_memcpy                                     
000031dd  __aeabi_memcpy4                                    
000031dd  __aeabi_memcpy8                                    
000031e1  _system_pre_init                                   
000031ec  C$$EXIT                                            
000031ed  abort                                              
000031f4  resourceDB                                         
00003240  spiCC26X2DMAHWAttrs                                
00003280  SPI_defaultParams                                  
000032a0  SPICC26X2DMA_fxnTable                              
000032e8  PowerCC26X2_config                                 
000032fc  GPIO_config                                        
00003328  SPI_config                                         
00003340  UDMACC26XX_config                                  
00003350  udmaCC26XXHWAttrs                                  
00003358  GPIO_pinLowerBound                                 
00003359  GPIO_pinUpperBound                                 
0000335a  SPI_count                                          
0000335c  __c_args__                                         
000033b0  __TI_Handler_Table_Base                            
000033bc  __TI_Handler_Table_Limit                           
000033e4  __TI_CINIT_Base                                    
00003414  __TI_CINIT_Limit                                   
00003414  __TI_CINIT_Warm                                    
00057fa8  __ccfg                                             
20000000  PowerCC26X2_module                                 
20000000  __start___llvm_prf_bits                            
20000000  __start___llvm_prf_cnts                            
20000000  __stop___llvm_prf_bits                             
20000000  __stop___llvm_prf_cnts                             
2000024c  gpioPinConfigs                                     
20000350  SemaphoreP_defaultParams                           
20000358  _hposcCoeffs                                       
2000036c  ClockP_tickPeriod                                  
20000370  HwiP_swiPIntNum                                    
20000650  _sys_memory                                        
20002650  spiCC26X2DMAObjects                                
200027f8  gpioCallbackFunctions                              
20002878  gpioUserArgs                                       
200028f8  udmaCC26XXObject                                   
20007c00  __stack                                            
20008000  __STACK_END                                        
ffffffff  __TI_pprof_out_hndl                                
ffffffff  __TI_prof_data_size                                
ffffffff  __TI_prof_data_start                               
ffffffff  __binit__                                          
ffffffff  binit                                              
UNDEFED   ITM_flush                                          
UNDEFED   ITM_restore                                        
UNDEFED   __mpu_init                                         
UNDEFED   _system_post_cinit                                 

[231 symbols]
