<?xml version="1.0" encoding="ISO-8859-1" ?>
<link_info>
   <banner>TI ARM Clang Linker Unix v3.2.1.LTS</banner>
   <copyright>Copyright (c) 1996-2018 Texas Instruments Incorporated</copyright>
   <link_time>0x66423ed5</link_time>
   <link_errors>0x0</link_errors>
   <output_file>/Users/samliu/Desktop/TypeWriter/TypeWriter_test_nrtos/Debug/TypeWriter_test_nrtos.out</output_file>
   <entry_point>
      <name>resetISR</name>
      <address>0x3063</address>
   </entry_point>
   <input_file_list>
      <input_file id="fl-1">
         <path>/Users/samliu/Desktop/TypeWriter/TypeWriter_test_nrtos/Debug/./</path>
         <kind>object</kind>
         <file>imu_spi.o</file>
         <name>imu_spi.o</name>
      </input_file>
      <input_file id="fl-2">
         <path>/Users/samliu/Desktop/TypeWriter/TypeWriter_test_nrtos/Debug/./syscfg/</path>
         <kind>object</kind>
         <file>ti_devices_config.o</file>
         <name>ti_devices_config.o</name>
      </input_file>
      <input_file id="fl-3">
         <path>/Users/samliu/Desktop/TypeWriter/TypeWriter_test_nrtos/Debug/./syscfg/</path>
         <kind>object</kind>
         <file>ti_drivers_config.o</file>
         <name>ti_drivers_config.o</name>
      </input_file>
      <input_file id="fl-4">
         <path>/Users/samliu/Desktop/TypeWriter/TypeWriter_test_nrtos/Debug/./</path>
         <kind>object</kind>
         <file>main_nortos.o</file>
         <name>main_nortos.o</name>
      </input_file>
      <input_file id="fl-14">
         <path>/Users/samliu/Desktop/TypeWriter/TypeWriter_test_nrtos/Debug/</path>
         <kind>object</kind>
         <file>&lt;internal&gt;</file>
         <name>&lt;internal&gt;</name>
      </input_file>
      <input_file id="fl-15">
         <path>/Applications/ti/simplelink_cc13xx_cc26xx_sdk_7_40_00_77/source/ti/drivers/lib/ticlang/m4/</path>
         <kind>archive</kind>
         <file>drivers_cc26x1.a</file>
         <name>GPIO.c.obj</name>
      </input_file>
      <input_file id="fl-16">
         <path>/Applications/ti/simplelink_cc13xx_cc26xx_sdk_7_40_00_77/source/ti/drivers/lib/ticlang/m4/</path>
         <kind>archive</kind>
         <file>drivers_cc26x1.a</file>
         <name>GPIOCC26XX.c.obj</name>
      </input_file>
      <input_file id="fl-17">
         <path>/Applications/ti/simplelink_cc13xx_cc26xx_sdk_7_40_00_77/source/ti/drivers/lib/ticlang/m4/</path>
         <kind>archive</kind>
         <file>drivers_cc26x1.a</file>
         <name>PowerCC26X2.c.obj</name>
      </input_file>
      <input_file id="fl-18">
         <path>/Applications/ti/simplelink_cc13xx_cc26xx_sdk_7_40_00_77/source/ti/drivers/lib/ticlang/m4/</path>
         <kind>archive</kind>
         <file>drivers_cc26x1.a</file>
         <name>PowerCC26X2_calibrateRCOSC.c.obj</name>
      </input_file>
      <input_file id="fl-19">
         <path>/Applications/ti/simplelink_cc13xx_cc26xx_sdk_7_40_00_77/source/ti/drivers/lib/ticlang/m4/</path>
         <kind>archive</kind>
         <file>drivers_cc26x1.a</file>
         <name>SPI.c.obj</name>
      </input_file>
      <input_file id="fl-1a">
         <path>/Applications/ti/simplelink_cc13xx_cc26xx_sdk_7_40_00_77/source/ti/drivers/lib/ticlang/m4/</path>
         <kind>archive</kind>
         <file>drivers_cc26x1.a</file>
         <name>TemperatureCC26X2.c.obj</name>
      </input_file>
      <input_file id="fl-1b">
         <path>/Applications/ti/simplelink_cc13xx_cc26xx_sdk_7_40_00_77/source/ti/drivers/lib/ticlang/m4/</path>
         <kind>archive</kind>
         <file>drivers_cc26x1.a</file>
         <name>GPIOCC26X2.c.obj</name>
      </input_file>
      <input_file id="fl-1c">
         <path>/Applications/ti/simplelink_cc13xx_cc26xx_sdk_7_40_00_77/source/ti/drivers/lib/ticlang/m4/</path>
         <kind>archive</kind>
         <file>drivers_cc26x1.a</file>
         <name>PowerCC26X2_calibrateRCOSC_helpers.c.obj</name>
      </input_file>
      <input_file id="fl-1d">
         <path>/Applications/ti/simplelink_cc13xx_cc26xx_sdk_7_40_00_77/source/ti/drivers/lib/ticlang/m4/</path>
         <kind>archive</kind>
         <file>drivers_cc26x1.a</file>
         <name>PowerCC26X2_helpers.c.obj</name>
      </input_file>
      <input_file id="fl-1e">
         <path>/Applications/ti/simplelink_cc13xx_cc26xx_sdk_7_40_00_77/source/ti/drivers/lib/ticlang/m4/</path>
         <kind>archive</kind>
         <file>drivers_cc26x1.a</file>
         <name>SPICC26X2DMA.c.obj</name>
      </input_file>
      <input_file id="fl-1f">
         <path>/Applications/ti/simplelink_cc13xx_cc26xx_sdk_7_40_00_77/source/ti/drivers/lib/ticlang/m4/</path>
         <kind>archive</kind>
         <file>drivers_cc26x1.a</file>
         <name>List.c.obj</name>
      </input_file>
      <input_file id="fl-20">
         <path>/Applications/ti/simplelink_cc13xx_cc26xx_sdk_7_40_00_77/source/ti/drivers/lib/ticlang/m4/</path>
         <kind>archive</kind>
         <file>drivers_cc26x1.a</file>
         <name>UDMACC26XX.c.obj</name>
      </input_file>
      <input_file id="fl-21">
         <path>/Applications/ti/simplelink_cc13xx_cc26xx_sdk_7_40_00_77/kernel/nortos/lib/ticlang/m4/</path>
         <kind>archive</kind>
         <file>nortos_cc26x1.a</file>
         <name>NoRTOS.c.obj</name>
      </input_file>
      <input_file id="fl-22">
         <path>/Applications/ti/simplelink_cc13xx_cc26xx_sdk_7_40_00_77/kernel/nortos/lib/ticlang/m4/</path>
         <kind>archive</kind>
         <file>nortos_cc26x1.a</file>
         <name>SemaphoreP_nortos.c.obj</name>
      </input_file>
      <input_file id="fl-23">
         <path>/Applications/ti/simplelink_cc13xx_cc26xx_sdk_7_40_00_77/kernel/nortos/lib/ticlang/m4/</path>
         <kind>archive</kind>
         <file>nortos_cc26x1.a</file>
         <name>SwiP_nortos.c.obj</name>
      </input_file>
      <input_file id="fl-24">
         <path>/Applications/ti/simplelink_cc13xx_cc26xx_sdk_7_40_00_77/kernel/nortos/lib/ticlang/m4/</path>
         <kind>archive</kind>
         <file>nortos_cc26x1.a</file>
         <name>ClockPTimer_nortos.c.obj</name>
      </input_file>
      <input_file id="fl-25">
         <path>/Applications/ti/simplelink_cc13xx_cc26xx_sdk_7_40_00_77/kernel/nortos/lib/ticlang/m4/</path>
         <kind>archive</kind>
         <file>nortos_cc26x1.a</file>
         <name>QueueP_nortos.c.obj</name>
      </input_file>
      <input_file id="fl-26">
         <path>/Applications/ti/simplelink_cc13xx_cc26xx_sdk_7_40_00_77/kernel/nortos/lib/ticlang/m4/</path>
         <kind>archive</kind>
         <file>nortos_cc26x1.a</file>
         <name>HwiPCC26XX_nortos.c.obj</name>
      </input_file>
      <input_file id="fl-27">
         <path>/Applications/ti/simplelink_cc13xx_cc26xx_sdk_7_40_00_77/kernel/nortos/lib/ticlang/m4/</path>
         <kind>archive</kind>
         <file>nortos_cc26x1.a</file>
         <name>PowerCC26X2_nortos.c.obj</name>
      </input_file>
      <input_file id="fl-28">
         <path>/Applications/ti/simplelink_cc13xx_cc26xx_sdk_7_40_00_77/kernel/nortos/lib/ticlang/m4/</path>
         <kind>archive</kind>
         <file>nortos_cc26x1.a</file>
         <name>TimerPCC26XX_nortos.c.obj</name>
      </input_file>
      <input_file id="fl-29">
         <path>/Applications/ti/simplelink_cc13xx_cc26xx_sdk_7_40_00_77/kernel/nortos/lib/ticlang/m4/</path>
         <kind>archive</kind>
         <file>nortos_cc26x1.a</file>
         <name>startup_cc13x1_cc26x1_ticlang.c.obj</name>
      </input_file>
      <input_file id="fl-2a">
         <path>/Applications/ti/simplelink_cc13xx_cc26xx_sdk_7_40_00_77/source/ti/devices/cc13x1_cc26x1/driverlib/bin/ticlang/</path>
         <kind>archive</kind>
         <file>driverlib.lib</file>
         <name>cpu.c.obj</name>
      </input_file>
      <input_file id="fl-2b">
         <path>/Applications/ti/simplelink_cc13xx_cc26xx_sdk_7_40_00_77/source/ti/devices/cc13x1_cc26x1/driverlib/bin/ticlang/</path>
         <kind>archive</kind>
         <file>driverlib.lib</file>
         <name>interrupt.c.obj</name>
      </input_file>
      <input_file id="fl-2c">
         <path>/Applications/ti/simplelink_cc13xx_cc26xx_sdk_7_40_00_77/source/ti/devices/cc13x1_cc26x1/driverlib/bin/ticlang/</path>
         <kind>archive</kind>
         <file>driverlib.lib</file>
         <name>osc.c.obj</name>
      </input_file>
      <input_file id="fl-2d">
         <path>/Applications/ti/simplelink_cc13xx_cc26xx_sdk_7_40_00_77/source/ti/devices/cc13x1_cc26x1/driverlib/bin/ticlang/</path>
         <kind>archive</kind>
         <file>driverlib.lib</file>
         <name>prcm.c.obj</name>
      </input_file>
      <input_file id="fl-2e">
         <path>/Applications/ti/simplelink_cc13xx_cc26xx_sdk_7_40_00_77/source/ti/devices/cc13x1_cc26x1/driverlib/bin/ticlang/</path>
         <kind>archive</kind>
         <file>driverlib.lib</file>
         <name>setup.c.obj</name>
      </input_file>
      <input_file id="fl-2f">
         <path>/Applications/ti/simplelink_cc13xx_cc26xx_sdk_7_40_00_77/source/ti/devices/cc13x1_cc26x1/driverlib/bin/ticlang/</path>
         <kind>archive</kind>
         <file>driverlib.lib</file>
         <name>sys_ctrl.c.obj</name>
      </input_file>
      <input_file id="fl-30">
         <path>/Applications/ti/simplelink_cc13xx_cc26xx_sdk_7_40_00_77/source/ti/devices/cc13x1_cc26x1/driverlib/bin/ticlang/</path>
         <kind>archive</kind>
         <file>driverlib.lib</file>
         <name>aux_sysif.c.obj</name>
      </input_file>
      <input_file id="fl-31">
         <path>/Applications/ti/simplelink_cc13xx_cc26xx_sdk_7_40_00_77/source/ti/devices/cc13x1_cc26x1/driverlib/bin/ticlang/</path>
         <kind>archive</kind>
         <file>driverlib.lib</file>
         <name>chipinfo.c.obj</name>
      </input_file>
      <input_file id="fl-40">
         <path>/Applications/ti/ccs1260/ccs/tools/compiler/ti-cgt-armllvm_3.2.1.LTS/lib/armv7em-ti-none-eabi/c/</path>
         <kind>archive</kind>
         <file>libc.a</file>
         <name>memory.c.obj</name>
      </input_file>
      <input_file id="fl-41">
         <path>/Applications/ti/ccs1260/ccs/tools/compiler/ti-cgt-armllvm_3.2.1.LTS/lib/armv7em-ti-none-eabi/c/</path>
         <kind>archive</kind>
         <file>libc.a</file>
         <name>boot_cortex_m.c.obj</name>
      </input_file>
      <input_file id="fl-42">
         <path>/Applications/ti/ccs1260/ccs/tools/compiler/ti-cgt-armllvm_3.2.1.LTS/lib/armv7em-ti-none-eabi/c/</path>
         <kind>archive</kind>
         <file>libc.a</file>
         <name>mathacl_init.c.obj</name>
      </input_file>
      <input_file id="fl-43">
         <path>/Applications/ti/ccs1260/ccs/tools/compiler/ti-cgt-armllvm_3.2.1.LTS/lib/armv7em-ti-none-eabi/c/</path>
         <kind>archive</kind>
         <file>libc.a</file>
         <name>autoinit.c.obj</name>
      </input_file>
      <input_file id="fl-44">
         <path>/Applications/ti/ccs1260/ccs/tools/compiler/ti-cgt-armllvm_3.2.1.LTS/lib/armv7em-ti-none-eabi/c/</path>
         <kind>archive</kind>
         <file>libc.a</file>
         <name>pre_init.c.obj</name>
      </input_file>
      <input_file id="fl-45">
         <path>/Applications/ti/ccs1260/ccs/tools/compiler/ti-cgt-armllvm_3.2.1.LTS/lib/armv7em-ti-none-eabi/c/</path>
         <kind>archive</kind>
         <file>libc.a</file>
         <name>cpy_tbl.c.obj</name>
      </input_file>
      <input_file id="fl-46">
         <path>/Applications/ti/ccs1260/ccs/tools/compiler/ti-cgt-armllvm_3.2.1.LTS/lib/armv7em-ti-none-eabi/c/</path>
         <kind>archive</kind>
         <file>libc.a</file>
         <name>copy_zero_init.c.obj</name>
      </input_file>
      <input_file id="fl-47">
         <path>/Applications/ti/ccs1260/ccs/tools/compiler/ti-cgt-armllvm_3.2.1.LTS/lib/armv7em-ti-none-eabi/c/</path>
         <kind>archive</kind>
         <file>libc.a</file>
         <name>copy_decompress_none.c.obj</name>
      </input_file>
      <input_file id="fl-48">
         <path>/Applications/ti/ccs1260/ccs/tools/compiler/ti-cgt-armllvm_3.2.1.LTS/lib/armv7em-ti-none-eabi/c/</path>
         <kind>archive</kind>
         <file>libc.a</file>
         <name>copy_decompress_lzss.c.obj</name>
      </input_file>
      <input_file id="fl-49">
         <path>/Applications/ti/ccs1260/ccs/tools/compiler/ti-cgt-armllvm_3.2.1.LTS/lib/armv7em-ti-none-eabi/c/</path>
         <kind>archive</kind>
         <file>libc.a</file>
         <name>exit.c.obj</name>
      </input_file>
      <input_file id="fl-4a">
         <path>/Applications/ti/ccs1260/ccs/tools/compiler/ti-cgt-armllvm_3.2.1.LTS/lib/armv7em-ti-none-eabi/c/</path>
         <kind>archive</kind>
         <file>libc.a</file>
         <name>_lock.c.obj</name>
      </input_file>
      <input_file id="fl-4b">
         <path>/Applications/ti/ccs1260/ccs/tools/compiler/ti-cgt-armllvm_3.2.1.LTS/lib/armv7em-ti-none-eabi/c/</path>
         <kind>archive</kind>
         <file>libc.a</file>
         <name>args_main.c.obj</name>
      </input_file>
      <input_file id="fl-b1">
         <path>/Applications/ti/ccs1260/ccs/tools/compiler/ti-cgt-armllvm_3.2.1.LTS/lib/clang/15.0.7/lib/armv7em-ti-none-eabi/</path>
         <kind>archive</kind>
         <file>libclang_rt.builtins.a</file>
         <name>ashldi3.S.obj</name>
      </input_file>
      <input_file id="fl-b2">
         <path>/Applications/ti/ccs1260/ccs/tools/compiler/ti-cgt-armllvm_3.2.1.LTS/lib/clang/15.0.7/lib/armv7em-ti-none-eabi/</path>
         <kind>archive</kind>
         <file>libclang_rt.builtins.a</file>
         <name>ashrdi3.S.obj</name>
      </input_file>
      <input_file id="fl-b3">
         <path>/Applications/ti/ccs1260/ccs/tools/compiler/ti-cgt-armllvm_3.2.1.LTS/lib/clang/15.0.7/lib/armv7em-ti-none-eabi/</path>
         <kind>archive</kind>
         <file>libclang_rt.builtins.a</file>
         <name>aeabi_ldivmod.S.obj</name>
      </input_file>
      <input_file id="fl-b4">
         <path>/Applications/ti/ccs1260/ccs/tools/compiler/ti-cgt-armllvm_3.2.1.LTS/lib/clang/15.0.7/lib/armv7em-ti-none-eabi/</path>
         <kind>archive</kind>
         <file>libclang_rt.builtins.a</file>
         <name>aeabi_memcpy.S.obj</name>
      </input_file>
      <input_file id="fl-b5">
         <path>/Applications/ti/ccs1260/ccs/tools/compiler/ti-cgt-armllvm_3.2.1.LTS/lib/clang/15.0.7/lib/armv7em-ti-none-eabi/</path>
         <kind>archive</kind>
         <file>libclang_rt.builtins.a</file>
         <name>aeabi_memset.S.obj</name>
      </input_file>
      <input_file id="fl-b6">
         <path>/Applications/ti/ccs1260/ccs/tools/compiler/ti-cgt-armllvm_3.2.1.LTS/lib/clang/15.0.7/lib/armv7em-ti-none-eabi/</path>
         <kind>archive</kind>
         <file>libclang_rt.builtins.a</file>
         <name>aeabi_uldivmod.S.obj</name>
      </input_file>
      <input_file id="fl-b7">
         <path>/Applications/ti/ccs1260/ccs/tools/compiler/ti-cgt-armllvm_3.2.1.LTS/lib/clang/15.0.7/lib/armv7em-ti-none-eabi/</path>
         <kind>archive</kind>
         <file>libclang_rt.builtins.a</file>
         <name>udivmoddi4.S.obj</name>
      </input_file>
      <input_file id="fl-b8">
         <path>/Applications/ti/ccs1260/ccs/tools/compiler/ti-cgt-armllvm_3.2.1.LTS/lib/clang/15.0.7/lib/armv7em-ti-none-eabi/</path>
         <kind>archive</kind>
         <file>libclang_rt.builtins.a</file>
         <name>divmoddi4.c.obj</name>
      </input_file>
      <input_file id="fl-b9">
         <path>/Applications/ti/ccs1260/ccs/tools/compiler/ti-cgt-armllvm_3.2.1.LTS/lib/clang/15.0.7/lib/armv7em-ti-none-eabi/</path>
         <kind>archive</kind>
         <file>libclang_rt.builtins.a</file>
         <name>aeabi_div0.c.obj</name>
      </input_file>
      <input_file id="fl-ba">
         <path>/Applications/ti/ccs1260/ccs/tools/compiler/ti-cgt-armllvm_3.2.1.LTS/lib/armv7em-ti-none-eabi/c/</path>
         <kind>archive</kind>
         <file>libc.a</file>
         <name>memcpy_t2.S.obj</name>
      </input_file>
      <input_file id="fl-bb">
         <path>/Applications/ti/ccs1260/ccs/tools/compiler/ti-cgt-armllvm_3.2.1.LTS/lib/armv7em-ti-none-eabi/c/</path>
         <kind>archive</kind>
         <file>libc.a</file>
         <name>memset_t2.S.obj</name>
      </input_file>
   </input_file_list>
   <object_component_list>
      <object_component id="oc-1f">
         <name>.resetVecs</name>
         <load_address>0x0</load_address>
         <readonly>true</readonly>
         <run_address>0x0</run_address>
         <size>0xd8</size>
         <alignment>0x4</alignment>
         <input_file_ref idref="fl-29"/>
      </object_component>
      <object_component id="oc-1f1">
         <name>.text.SPICC26X2DMA_transfer</name>
         <load_address>0xd8</load_address>
         <readonly>true</readonly>
         <executable>true</executable>
         <run_address>0xd8</run_address>
         <size>0x2c8</size>
         <alignment>0x4</alignment>
         <input_file_ref idref="fl-1e"/>
      </object_component>
      <object_component id="oc-233">
         <name>.text.SPICC26X2DMA_hwiFxn</name>
         <load_address>0x3a0</load_address>
         <readonly>true</readonly>
         <executable>true</executable>
         <run_address>0x3a0</run_address>
         <size>0x1c4</size>
         <alignment>0x2</alignment>
         <input_file_ref idref="fl-1e"/>
      </object_component>
      <object_component id="oc-132">
         <name>.text.PowerCC26X2_auxISR</name>
         <load_address>0x564</load_address>
         <readonly>true</readonly>
         <executable>true</executable>
         <run_address>0x564</run_address>
         <size>0x194</size>
         <alignment>0x4</alignment>
         <input_file_ref idref="fl-18"/>
      </object_component>
      <object_component id="oc-1f0">
         <name>.text.SPICC26X2DMA_open</name>
         <load_address>0x6f8</load_address>
         <readonly>true</readonly>
         <executable>true</executable>
         <run_address>0x6f8</run_address>
         <size>0x190</size>
         <alignment>0x4</alignment>
         <input_file_ref idref="fl-1e"/>
      </object_component>
      <object_component id="oc-267">
         <name>.text.configNextTransfer</name>
         <load_address>0x888</load_address>
         <readonly>true</readonly>
         <executable>true</executable>
         <run_address>0x888</run_address>
         <size>0x16c</size>
         <alignment>0x4</alignment>
         <input_file_ref idref="fl-1e"/>
      </object_component>
      <object_component id="oc-1d5">
         <name>.text.Power_sleep</name>
         <load_address>0x9f4</load_address>
         <readonly>true</readonly>
         <executable>true</executable>
         <run_address>0x9f4</run_address>
         <size>0x158</size>
         <alignment>0x4</alignment>
         <input_file_ref idref="fl-17"/>
      </object_component>
      <object_component id="oc-e6">
         <name>.text.Power_init</name>
         <load_address>0xb4c</load_address>
         <readonly>true</readonly>
         <executable>true</executable>
         <run_address>0xb4c</run_address>
         <size>0x118</size>
         <alignment>0x4</alignment>
         <input_file_ref idref="fl-17"/>
      </object_component>
      <object_component id="oc-19a">
         <name>.text.PowerCC26X2_calibrate</name>
         <load_address>0xc64</load_address>
         <readonly>true</readonly>
         <executable>true</executable>
         <run_address>0xc64</run_address>
         <size>0x10c</size>
         <alignment>0x4</alignment>
         <input_file_ref idref="fl-18"/>
      </object_component>
      <object_component id="oc-ec">
         <name>.text.GPIO_init</name>
         <load_address>0xd70</load_address>
         <readonly>true</readonly>
         <executable>true</executable>
         <run_address>0xd70</run_address>
         <size>0x104</size>
         <alignment>0x4</alignment>
         <input_file_ref idref="fl-1b"/>
      </object_component>
      <object_component id="oc-232">
         <name>.text.csnCallback</name>
         <load_address>0xe74</load_address>
         <readonly>true</readonly>
         <executable>true</executable>
         <run_address>0xe74</run_address>
         <size>0xfc</size>
         <alignment>0x2</alignment>
         <input_file_ref idref="fl-1e"/>
      </object_component>
      <object_component id="oc-24d">
         <name>.text.NOROM_SysCtrlStandby</name>
         <load_address>0xf70</load_address>
         <readonly>true</readonly>
         <executable>true</executable>
         <run_address>0xf70</run_address>
         <size>0xf0</size>
         <alignment>0x4</alignment>
         <input_file_ref idref="fl-2f"/>
      </object_component>
      <object_component id="oc-1ee">
         <name>.text.SPICC26X2DMA_control</name>
         <load_address>0x1060</load_address>
         <readonly>true</readonly>
         <executable>true</executable>
         <run_address>0x1060</run_address>
         <size>0xe0</size>
         <alignment>0x4</alignment>
         <input_file_ref idref="fl-1e"/>
      </object_component>
      <object_component id="oc-86">
         <name>.text.TrimAfterColdResetWakeupFromShutDown</name>
         <load_address>0x1140</load_address>
         <readonly>true</readonly>
         <executable>true</executable>
         <run_address>0x1140</run_address>
         <size>0xe0</size>
         <alignment>0x4</alignment>
         <input_file_ref idref="fl-2e"/>
      </object_component>
      <object_component id="oc-17d">
         <name>.text.PowerCC26XX_standbyPolicy</name>
         <load_address>0x1220</load_address>
         <readonly>true</readonly>
         <executable>true</executable>
         <run_address>0x1220</run_address>
         <size>0xdc</size>
         <alignment>0x4</alignment>
         <input_file_ref idref="fl-27"/>
      </object_component>
      <object_component id="oc-64">
         <name>.text.NOROM_SetupTrimDevice</name>
         <load_address>0x12fc</load_address>
         <readonly>true</readonly>
         <executable>true</executable>
         <run_address>0x12fc</run_address>
         <size>0xd0</size>
         <alignment>0x4</alignment>
         <input_file_ref idref="fl-2e"/>
      </object_component>
      <object_component id="oc-17b">
         <name>.text.configureXOSCHF</name>
         <load_address>0x13cc</load_address>
         <readonly>true</readonly>
         <executable>true</executable>
         <run_address>0x13cc</run_address>
         <size>0xd0</size>
         <alignment>0x4</alignment>
         <input_file_ref idref="fl-17"/>
      </object_component>
      <object_component id="oc-1b8">
         <name>.text.SwiP_construct</name>
         <load_address>0x149c</load_address>
         <readonly>true</readonly>
         <executable>true</executable>
         <run_address>0x149c</run_address>
         <size>0xc4</size>
         <alignment>0x4</alignment>
         <input_file_ref idref="fl-23"/>
      </object_component>
      <object_component id="oc-137">
         <name>.text.Power_setDependency</name>
         <load_address>0x1560</load_address>
         <readonly>true</readonly>
         <executable>true</executable>
         <run_address>0x1560</run_address>
         <size>0xb0</size>
         <alignment>0x4</alignment>
         <input_file_ref idref="fl-17"/>
      </object_component>
      <object_component id="oc-23f">
         <name>.text</name>
         <load_address>0x1610</load_address>
         <readonly>true</readonly>
         <executable>true</executable>
         <run_address>0x1610</run_address>
         <size>0xb0</size>
         <alignment>0x4</alignment>
         <input_file_ref idref="fl-b7"/>
      </object_component>
      <object_component id="oc-1e6">
         <name>.text.Power_releaseDependency</name>
         <load_address>0x16c0</load_address>
         <readonly>true</readonly>
         <executable>true</executable>
         <run_address>0x16c0</run_address>
         <size>0xac</size>
         <alignment>0x4</alignment>
         <input_file_ref idref="fl-17"/>
      </object_component>
      <object_component id="oc-1c1">
         <name>.text.ClockP_workFuncDynamic</name>
         <load_address>0x176c</load_address>
         <readonly>true</readonly>
         <executable>true</executable>
         <run_address>0x176c</run_address>
         <size>0xa4</size>
         <alignment>0x4</alignment>
         <input_file_ref idref="fl-24"/>
      </object_component>
      <object_component id="oc-1bf">
         <name>.text.TimerP_construct</name>
         <load_address>0x1810</load_address>
         <readonly>true</readonly>
         <executable>true</executable>
         <run_address>0x1810</run_address>
         <size>0xa0</size>
         <alignment>0x4</alignment>
         <input_file_ref idref="fl-28"/>
      </object_component>
      <object_component id="oc-23d">
         <name>.text.finishTransfer</name>
         <load_address>0x18b0</load_address>
         <readonly>true</readonly>
         <executable>true</executable>
         <run_address>0x18b0</run_address>
         <size>0x9e</size>
         <alignment>0x2</alignment>
         <input_file_ref idref="fl-1e"/>
      </object_component>
      <object_component id="oc-f3">
         <name>.text.Board_initHook</name>
         <load_address>0x194e</load_address>
         <readonly>true</readonly>
         <executable>true</executable>
         <run_address>0x194e</run_address>
         <size>0x2</size>
         <alignment>0x2</alignment>
         <input_file_ref idref="fl-3"/>
      </object_component>
      <object_component id="oc-238">
         <name>.text.SemaphoreP_pend</name>
         <load_address>0x1950</load_address>
         <readonly>true</readonly>
         <executable>true</executable>
         <run_address>0x1950</run_address>
         <size>0x98</size>
         <alignment>0x4</alignment>
         <input_file_ref idref="fl-22"/>
      </object_component>
      <object_component id="oc-1a9">
         <name>.text.GPIO_setConfigAndMux</name>
         <load_address>0x19e8</load_address>
         <readonly>true</readonly>
         <executable>true</executable>
         <run_address>0x19e8</run_address>
         <size>0x90</size>
         <alignment>0x4</alignment>
         <input_file_ref idref="fl-16"/>
      </object_component>
      <object_component id="oc-1f2">
         <name>.text.SPICC26X2DMA_transferCancel</name>
         <load_address>0x1a78</load_address>
         <readonly>true</readonly>
         <executable>true</executable>
         <run_address>0x1a78</run_address>
         <size>0x90</size>
         <alignment>0x2</alignment>
         <input_file_ref idref="fl-1e"/>
      </object_component>
      <object_component id="oc-23e">
         <name>.text.SwiP_dispatch</name>
         <load_address>0x1b08</load_address>
         <readonly>true</readonly>
         <executable>true</executable>
         <run_address>0x1b08</run_address>
         <size>0x90</size>
         <alignment>0x4</alignment>
         <input_file_ref idref="fl-23"/>
      </object_component>
      <object_component id="oc-167">
         <name>.text.ClockP_startup</name>
         <load_address>0x1b98</load_address>
         <readonly>true</readonly>
         <executable>true</executable>
         <run_address>0x1b98</run_address>
         <size>0x7c</size>
         <alignment>0x4</alignment>
         <input_file_ref idref="fl-24"/>
      </object_component>
      <object_component id="oc-123">
         <name>.text.HwiP_construct</name>
         <load_address>0x1c14</load_address>
         <readonly>true</readonly>
         <executable>true</executable>
         <run_address>0x1c14</run_address>
         <size>0x7c</size>
         <alignment>0x4</alignment>
         <input_file_ref idref="fl-26"/>
      </object_component>
      <object_component id="oc-1e9">
         <name>.text.SPICC26X2DMA_close</name>
         <load_address>0x1c90</load_address>
         <readonly>true</readonly>
         <executable>true</executable>
         <run_address>0x1c90</run_address>
         <size>0x78</size>
         <alignment>0x4</alignment>
         <input_file_ref idref="fl-1e"/>
      </object_component>
      <object_component id="oc-18d">
         <name>.text.PowerCC26X2_updateSubSecInc</name>
         <load_address>0x1d08</load_address>
         <readonly>true</readonly>
         <executable>true</executable>
         <run_address>0x1d08</run_address>
         <size>0x74</size>
         <alignment>0x4</alignment>
         <input_file_ref idref="fl-1c"/>
      </object_component>
      <object_component id="oc-16e">
         <name>.text.ClockP_start</name>
         <load_address>0x1d7c</load_address>
         <readonly>true</readonly>
         <executable>true</executable>
         <run_address>0x1d7c</run_address>
         <size>0x70</size>
         <alignment>0x4</alignment>
         <input_file_ref idref="fl-24"/>
      </object_component>
      <object_component id="oc-23">
         <name>.text:decompress:lzss</name>
         <load_address>0x1dec</load_address>
         <readonly>true</readonly>
         <executable>true</executable>
         <run_address>0x1dec</run_address>
         <size>0x70</size>
         <alignment>0x2</alignment>
         <input_file_ref idref="fl-48"/>
      </object_component>
      <object_component id="oc-131">
         <name>.text.oscillatorISR</name>
         <load_address>0x1e5c</load_address>
         <readonly>true</readonly>
         <executable>true</executable>
         <run_address>0x1e5c</run_address>
         <size>0x6c</size>
         <alignment>0x4</alignment>
         <input_file_ref idref="fl-17"/>
      </object_component>
      <object_component id="oc-206">
         <name>.text.ClockP_walkQueueDynamic</name>
         <load_address>0x1ec8</load_address>
         <readonly>true</readonly>
         <executable>true</executable>
         <run_address>0x1ec8</run_address>
         <size>0x68</size>
         <alignment>0x4</alignment>
         <input_file_ref idref="fl-24"/>
      </object_component>
      <object_component id="oc-218">
         <name>.text.NOROM_OSCHF_AttemptToSwitchToXosc</name>
         <load_address>0x1f30</load_address>
         <readonly>true</readonly>
         <executable>true</executable>
         <run_address>0x1f30</run_address>
         <size>0x64</size>
         <alignment>0x4</alignment>
         <input_file_ref idref="fl-2c"/>
      </object_component>
      <object_component id="oc-1d9">
         <name>.text.PowerCC26X2_initiateCalibration</name>
         <load_address>0x1f94</load_address>
         <readonly>true</readonly>
         <executable>true</executable>
         <run_address>0x1f94</run_address>
         <size>0x64</size>
         <alignment>0x4</alignment>
         <input_file_ref idref="fl-18"/>
      </object_component>
      <object_component id="oc-22d">
         <name>.text.UDMACC26XX_open</name>
         <load_address>0x1ff8</load_address>
         <readonly>true</readonly>
         <executable>true</executable>
         <run_address>0x1ff8</run_address>
         <size>0x64</size>
         <alignment>0x4</alignment>
         <input_file_ref idref="fl-20"/>
      </object_component>
      <object_component id="oc-207">
         <name>.text.SwiP_post</name>
         <load_address>0x205c</load_address>
         <readonly>true</readonly>
         <executable>true</executable>
         <run_address>0x205c</run_address>
         <size>0x5c</size>
         <alignment>0x4</alignment>
         <input_file_ref idref="fl-23"/>
      </object_component>
      <object_component id="oc-f2">
         <name>.text.Board_shutDownExtFlash</name>
         <load_address>0x20b8</load_address>
         <readonly>true</readonly>
         <executable>true</executable>
         <run_address>0x20b8</run_address>
         <size>0x50</size>
         <alignment>0x4</alignment>
         <input_file_ref idref="fl-3"/>
      </object_component>
      <object_component id="oc-263">
         <name>.text.SemaphoreP_construct</name>
         <load_address>0x2108</load_address>
         <readonly>true</readonly>
         <executable>true</executable>
         <run_address>0x2108</run_address>
         <size>0x50</size>
         <alignment>0x4</alignment>
         <input_file_ref idref="fl-22"/>
      </object_component>
      <object_component id="oc-c6">
         <name>.text.mainThread</name>
         <load_address>0x2158</load_address>
         <readonly>true</readonly>
         <executable>true</executable>
         <run_address>0x2158</run_address>
         <size>0x50</size>
         <alignment>0x4</alignment>
         <input_file_ref idref="fl-1"/>
      </object_component>
      <object_component id="oc-147">
         <name>.text.Board_sendExtFlashByte</name>
         <load_address>0x21a8</load_address>
         <readonly>true</readonly>
         <executable>true</executable>
         <run_address>0x21a8</run_address>
         <size>0x4e</size>
         <alignment>0x2</alignment>
         <input_file_ref idref="fl-3"/>
      </object_component>
      <object_component id="oc-277">
         <name>.text.IntDefaultHandler</name>
         <load_address>0x21f6</load_address>
         <readonly>true</readonly>
         <executable>true</executable>
         <run_address>0x21f6</run_address>
         <size>0x2</size>
         <alignment>0x2</alignment>
         <input_file_ref idref="fl-2b"/>
      </object_component>
      <object_component id="oc-22a">
         <name>.text.initHw</name>
         <load_address>0x21f8</load_address>
         <readonly>true</readonly>
         <executable>true</executable>
         <run_address>0x21f8</run_address>
         <size>0x4c</size>
         <alignment>0x4</alignment>
         <input_file_ref idref="fl-1e"/>
      </object_component>
      <object_component id="oc-185">
         <name>.text.switchXOSCHF</name>
         <load_address>0x2244</load_address>
         <readonly>true</readonly>
         <executable>true</executable>
         <run_address>0x2244</run_address>
         <size>0x4c</size>
         <alignment>0x4</alignment>
         <input_file_ref idref="fl-17"/>
      </object_component>
      <object_component id="oc-234">
         <name>.text.SPICC26X2DMA_swiFxn</name>
         <load_address>0x2290</load_address>
         <readonly>true</readonly>
         <executable>true</executable>
         <run_address>0x2290</run_address>
         <size>0x4a</size>
         <alignment>0x2</alignment>
         <input_file_ref idref="fl-1e"/>
      </object_component>
      <object_component id="oc-223">
         <name>.text.SemaphoreP_destruct</name>
         <load_address>0x22da</load_address>
         <readonly>true</readonly>
         <executable>true</executable>
         <run_address>0x22da</run_address>
         <size>0x2</size>
         <alignment>0x2</alignment>
         <input_file_ref idref="fl-22"/>
      </object_component>
      <object_component id="oc-11e">
         <name>.text.ClockP_construct</name>
         <load_address>0x22dc</load_address>
         <readonly>true</readonly>
         <executable>true</executable>
         <run_address>0x22dc</run_address>
         <size>0x48</size>
         <alignment>0x4</alignment>
         <input_file_ref idref="fl-24"/>
      </object_component>
      <object_component id="oc-244">
         <name>.text.TimerP_start</name>
         <load_address>0x2324</load_address>
         <readonly>true</readonly>
         <executable>true</executable>
         <run_address>0x2324</run_address>
         <size>0x48</size>
         <alignment>0x4</alignment>
         <input_file_ref idref="fl-28"/>
      </object_component>
      <object_component id="oc-141">
         <name>.text.GPIO_hwiIntFxn</name>
         <load_address>0x236c</load_address>
         <readonly>true</readonly>
         <executable>true</executable>
         <run_address>0x236c</run_address>
         <size>0x44</size>
         <alignment>0x4</alignment>
         <input_file_ref idref="fl-1b"/>
      </object_component>
      <object_component id="oc-21a">
         <name>.text.NOROM_PRCMPowerDomainsAllOff</name>
         <load_address>0x23b0</load_address>
         <readonly>true</readonly>
         <executable>true</executable>
         <run_address>0x23b0</run_address>
         <size>0x44</size>
         <alignment>0x4</alignment>
         <input_file_ref idref="fl-2d"/>
      </object_component>
      <object_component id="oc-19b">
         <name>.text.NOROM_PRCMPowerDomainsAllOn</name>
         <load_address>0x23f4</load_address>
         <readonly>true</readonly>
         <executable>true</executable>
         <run_address>0x23f4</run_address>
         <size>0x44</size>
         <alignment>0x4</alignment>
         <input_file_ref idref="fl-2d"/>
      </object_component>
      <object_component id="oc-fc">
         <name>.text.SPI_init</name>
         <load_address>0x2438</load_address>
         <readonly>true</readonly>
         <executable>true</executable>
         <run_address>0x2438</run_address>
         <size>0x44</size>
         <alignment>0x4</alignment>
         <input_file_ref idref="fl-19"/>
      </object_component>
      <object_component id="oc-12b">
         <name>.text.PowerCC26X2_RCOSC_clockFunc</name>
         <load_address>0x247c</load_address>
         <readonly>true</readonly>
         <executable>true</executable>
         <run_address>0x247c</run_address>
         <size>0x40</size>
         <alignment>0x4</alignment>
         <input_file_ref idref="fl-18"/>
      </object_component>
      <object_component id="oc-1e5">
         <name>.text.PowerCC26X2_setAclkRefSrc</name>
         <load_address>0x24bc</load_address>
         <readonly>true</readonly>
         <executable>true</executable>
         <run_address>0x24bc</run_address>
         <size>0x40</size>
         <alignment>0x4</alignment>
         <input_file_ref idref="fl-1c"/>
      </object_component>
      <object_component id="oc-103">
         <name>.text.SPI_open</name>
         <load_address>0x24fc</load_address>
         <readonly>true</readonly>
         <executable>true</executable>
         <run_address>0x24fc</run_address>
         <size>0x40</size>
         <alignment>0x4</alignment>
         <input_file_ref idref="fl-19"/>
      </object_component>
      <object_component id="oc-269">
         <name>.text.SemaphoreP_post</name>
         <load_address>0x253c</load_address>
         <readonly>true</readonly>
         <executable>true</executable>
         <run_address>0x253c</run_address>
         <size>0x40</size>
         <alignment>0x4</alignment>
         <input_file_ref idref="fl-22"/>
      </object_component>
      <object_component id="oc-149">
         <name>.text.GPIO_resetConfig</name>
         <load_address>0x257c</load_address>
         <readonly>true</readonly>
         <executable>true</executable>
         <run_address>0x257c</run_address>
         <size>0x3c</size>
         <alignment>0x4</alignment>
         <input_file_ref idref="fl-15"/>
      </object_component>
      <object_component id="oc-1e0">
         <name>.text.NOROM_OSC_HPOSCRelativeFrequencyOffsetGet</name>
         <load_address>0x25b8</load_address>
         <readonly>true</readonly>
         <executable>true</executable>
         <run_address>0x25b8</run_address>
         <size>0x3c</size>
         <alignment>0x4</alignment>
         <input_file_ref idref="fl-2c"/>
      </object_component>
      <object_component id="oc-1e4">
         <name>.text.PowerCC26X2_setTdcClkSrc24M</name>
         <load_address>0x25f4</load_address>
         <readonly>true</readonly>
         <executable>true</executable>
         <run_address>0x25f4</run_address>
         <size>0x3c</size>
         <alignment>0x4</alignment>
         <input_file_ref idref="fl-1c"/>
      </object_component>
      <object_component id="oc-9c">
         <name>.text.NOROM_AUXSYSIFOpModeChange</name>
         <load_address>0x2630</load_address>
         <readonly>true</readonly>
         <executable>true</executable>
         <run_address>0x2630</run_address>
         <size>0x38</size>
         <alignment>0x4</alignment>
         <input_file_ref idref="fl-30"/>
      </object_component>
      <object_component id="oc-209">
         <name>.text.NOROM_OSCHF_SwitchToRcOscTurnOffXosc</name>
         <load_address>0x2668</load_address>
         <readonly>true</readonly>
         <executable>true</executable>
         <run_address>0x2668</run_address>
         <size>0x38</size>
         <alignment>0x4</alignment>
         <input_file_ref idref="fl-2c"/>
      </object_component>
      <object_component id="oc-20f">
         <name>.text.NOROM_SysCtrlIdle</name>
         <load_address>0x26a0</load_address>
         <readonly>true</readonly>
         <executable>true</executable>
         <run_address>0x26a0</run_address>
         <size>0x38</size>
         <alignment>0x4</alignment>
         <input_file_ref idref="fl-2f"/>
      </object_component>
      <object_component id="oc-249">
         <name>.text.OSCHfSourceSwitch</name>
         <load_address>0x26d8</load_address>
         <readonly>true</readonly>
         <executable>true</executable>
         <run_address>0x26d8</run_address>
         <size>0x38</size>
         <alignment>0x4</alignment>
         <input_file_ref idref="fl-2c"/>
      </object_component>
      <object_component id="oc-126">
         <name>.text.PowerCC26X2_oscDisableQualifiers</name>
         <load_address>0x2710</load_address>
         <readonly>true</readonly>
         <executable>true</executable>
         <run_address>0x2710</run_address>
         <size>0x38</size>
         <alignment>0x4</alignment>
         <input_file_ref idref="fl-1d"/>
      </object_component>
      <object_component id="oc-222">
         <name>.text.SwiP_destruct</name>
         <load_address>0x2748</load_address>
         <readonly>true</readonly>
         <executable>true</executable>
         <run_address>0x2748</run_address>
         <size>0x38</size>
         <alignment>0x4</alignment>
         <input_file_ref idref="fl-23"/>
      </object_component>
      <object_component id="oc-24c">
         <name>.text.SwiP_restore</name>
         <load_address>0x2780</load_address>
         <readonly>true</readonly>
         <executable>true</executable>
         <run_address>0x2780</run_address>
         <size>0x38</size>
         <alignment>0x4</alignment>
         <input_file_ref idref="fl-23"/>
      </object_component>
      <object_component id="oc-21c">
         <name>.text.UDMACC26XX_close</name>
         <load_address>0x27b8</load_address>
         <readonly>true</readonly>
         <executable>true</executable>
         <run_address>0x27b8</run_address>
         <size>0x38</size>
         <alignment>0x2</alignment>
         <input_file_ref idref="fl-20"/>
      </object_component>
      <object_component id="oc-d3">
         <name>.text:__TI_auto_init_nobinit_nopinit</name>
         <load_address>0x27f0</load_address>
         <readonly>true</readonly>
         <executable>true</executable>
         <run_address>0x27f0</run_address>
         <size>0x38</size>
         <alignment>0x4</alignment>
         <input_file_ref idref="fl-43"/>
      </object_component>
      <object_component id="oc-188">
         <name>.text.PowerCC26X2_setSubSecIncToXoscLf</name>
         <load_address>0x2828</load_address>
         <readonly>true</readonly>
         <executable>true</executable>
         <run_address>0x2828</run_address>
         <size>0x34</size>
         <alignment>0x4</alignment>
         <input_file_ref idref="fl-1d"/>
      </object_component>
      <object_component id="oc-18a">
         <name>.text.Power_releaseConstraint</name>
         <load_address>0x285c</load_address>
         <readonly>true</readonly>
         <executable>true</executable>
         <run_address>0x285c</run_address>
         <size>0x34</size>
         <alignment>0x4</alignment>
         <input_file_ref idref="fl-17"/>
      </object_component>
      <object_component id="oc-1c5">
         <name>.text.TimerP_getCurrentTick</name>
         <load_address>0x2890</load_address>
         <readonly>true</readonly>
         <executable>true</executable>
         <run_address>0x2890</run_address>
         <size>0x34</size>
         <alignment>0x4</alignment>
         <input_file_ref idref="fl-28"/>
      </object_component>
      <object_component id="oc-146">
         <name>.text.Board_wakeUpExtFlash</name>
         <load_address>0x28c4</load_address>
         <readonly>true</readonly>
         <executable>true</executable>
         <run_address>0x28c4</run_address>
         <size>0x30</size>
         <alignment>0x4</alignment>
         <input_file_ref idref="fl-3"/>
      </object_component>
      <object_component id="oc-1d2">
         <name>.text.ClockP_getTicksUntilInterrupt</name>
         <load_address>0x28f4</load_address>
         <readonly>true</readonly>
         <executable>true</executable>
         <run_address>0x28f4</run_address>
         <size>0x30</size>
         <alignment>0x4</alignment>
         <input_file_ref idref="fl-24"/>
      </object_component>
      <object_component id="oc-229">
         <name>.text.GPIO_setInterruptConfig</name>
         <load_address>0x2924</load_address>
         <readonly>true</readonly>
         <executable>true</executable>
         <run_address>0x2924</run_address>
         <size>0x30</size>
         <alignment>0x4</alignment>
         <input_file_ref idref="fl-16"/>
      </object_component>
      <object_component id="oc-125">
         <name>.text.Power_setConstraint</name>
         <load_address>0x2954</load_address>
         <readonly>true</readonly>
         <executable>true</executable>
         <run_address>0x2954</run_address>
         <size>0x30</size>
         <alignment>0x4</alignment>
         <input_file_ref idref="fl-17"/>
      </object_component>
      <object_component id="oc-18b">
         <name>.text.notify</name>
         <load_address>0x2984</load_address>
         <readonly>true</readonly>
         <executable>true</executable>
         <run_address>0x2984</run_address>
         <size>0x30</size>
         <alignment>0x4</alignment>
         <input_file_ref idref="fl-17"/>
      </object_component>
      <object_component id="oc-171">
         <name>.text.NOROM_IntRegister</name>
         <load_address>0x29b4</load_address>
         <readonly>true</readonly>
         <executable>true</executable>
         <run_address>0x29b4</run_address>
         <size>0x2c</size>
         <alignment>0x4</alignment>
         <input_file_ref idref="fl-2b"/>
      </object_component>
      <object_component id="oc-248">
         <name>.text.TimerP_setThreshold</name>
         <load_address>0x29e0</load_address>
         <readonly>true</readonly>
         <executable>true</executable>
         <run_address>0x29e0</run_address>
         <size>0x2c</size>
         <alignment>0x4</alignment>
         <input_file_ref idref="fl-28"/>
      </object_component>
      <object_component id="oc-208">
         <name>.text.TimerP_setNextTick</name>
         <load_address>0x2a0c</load_address>
         <readonly>true</readonly>
         <executable>true</executable>
         <run_address>0x2a0c</run_address>
         <size>0x2a</size>
         <alignment>0x2</alignment>
         <input_file_ref idref="fl-28"/>
      </object_component>
      <object_component id="oc-258">
         <name>.text.List_remove</name>
         <load_address>0x2a36</load_address>
         <readonly>true</readonly>
         <executable>true</executable>
         <run_address>0x2a36</run_address>
         <size>0x28</size>
         <alignment>0x2</alignment>
         <input_file_ref idref="fl-1f"/>
      </object_component>
      <object_component id="oc-25e">
         <name>.text.flushFifos</name>
         <load_address>0x2a5e</load_address>
         <readonly>true</readonly>
         <executable>true</executable>
         <run_address>0x2a5e</run_address>
         <size>0x26</size>
         <alignment>0x2</alignment>
         <input_file_ref idref="fl-1e"/>
      </object_component>
      <object_component id="oc-1c6">
         <name>.text.ClockP_getTicks</name>
         <load_address>0x2a84</load_address>
         <readonly>true</readonly>
         <executable>true</executable>
         <run_address>0x2a84</run_address>
         <size>0x24</size>
         <alignment>0x4</alignment>
         <input_file_ref idref="fl-24"/>
      </object_component>
      <object_component id="oc-262">
         <name>.text.List_put</name>
         <load_address>0x2aa8</load_address>
         <readonly>true</readonly>
         <executable>true</executable>
         <run_address>0x2aa8</run_address>
         <size>0x24</size>
         <alignment>0x2</alignment>
         <input_file_ref idref="fl-1f"/>
      </object_component>
      <object_component id="oc-1da">
         <name>.text.NOROM_OSCHF_TurnOnXosc</name>
         <load_address>0x2acc</load_address>
         <readonly>true</readonly>
         <executable>true</executable>
         <run_address>0x2acc</run_address>
         <size>0x24</size>
         <alignment>0x4</alignment>
         <input_file_ref idref="fl-2c"/>
      </object_component>
      <object_component id="oc-193">
         <name>.text.PowerCC26X2_writeCtrim</name>
         <load_address>0x2af0</load_address>
         <readonly>true</readonly>
         <executable>true</executable>
         <run_address>0x2af0</run_address>
         <size>0x24</size>
         <alignment>0x4</alignment>
         <input_file_ref idref="fl-1c"/>
      </object_component>
      <object_component id="oc-194">
         <name>.text.PowerCC26X2_writeCtrimFract</name>
         <load_address>0x2b14</load_address>
         <readonly>true</readonly>
         <executable>true</executable>
         <run_address>0x2b14</run_address>
         <size>0x24</size>
         <alignment>0x4</alignment>
         <input_file_ref idref="fl-1c"/>
      </object_component>
      <object_component id="oc-199">
         <name>.text.PowerCC26X2_writeCtrimFractEn</name>
         <load_address>0x2b38</load_address>
         <readonly>true</readonly>
         <executable>true</executable>
         <run_address>0x2b38</run_address>
         <size>0x24</size>
         <alignment>0x4</alignment>
         <input_file_ref idref="fl-1c"/>
      </object_component>
      <object_component id="oc-195">
         <name>.text.PowerCC26X2_writeRtrim</name>
         <load_address>0x2b5c</load_address>
         <readonly>true</readonly>
         <executable>true</executable>
         <run_address>0x2b5c</run_address>
         <size>0x24</size>
         <alignment>0x4</alignment>
         <input_file_ref idref="fl-1c"/>
      </object_component>
      <object_component id="oc-22e">
         <name>.text.Power_registerNotify</name>
         <load_address>0x2b80</load_address>
         <readonly>true</readonly>
         <executable>true</executable>
         <run_address>0x2b80</run_address>
         <size>0x24</size>
         <alignment>0x4</alignment>
         <input_file_ref idref="fl-17"/>
      </object_component>
      <object_component id="oc-23c">
         <name>.text.releaseConstraint</name>
         <load_address>0x2ba4</load_address>
         <readonly>true</readonly>
         <executable>true</executable>
         <run_address>0x2ba4</run_address>
         <size>0x24</size>
         <alignment>0x4</alignment>
         <input_file_ref idref="fl-1e"/>
      </object_component>
      <object_component id="oc-8d">
         <name>.text:_c_int00</name>
         <load_address>0x2bc8</load_address>
         <readonly>true</readonly>
         <executable>true</executable>
         <run_address>0x2bc8</run_address>
         <size>0x24</size>
         <alignment>0x4</alignment>
         <input_file_ref idref="fl-41"/>
      </object_component>
      <object_component id="oc-1c0">
         <name>.text.TimerP_getMaxTicks</name>
         <load_address>0x2bec</load_address>
         <readonly>true</readonly>
         <executable>true</executable>
         <run_address>0x2bec</run_address>
         <size>0x22</size>
         <alignment>0x2</alignment>
         <input_file_ref idref="fl-28"/>
      </object_component>
      <object_component id="oc-270">
         <name>.text.__aeabi_ldiv0</name>
         <load_address>0x2c0e</load_address>
         <readonly>true</readonly>
         <executable>true</executable>
         <run_address>0x2c0e</run_address>
         <size>0x2</size>
         <alignment>0x2</alignment>
         <input_file_ref idref="fl-b9"/>
      </object_component>
      <object_component id="oc-26a">
         <name>.text.ClockP_add</name>
         <load_address>0x2c10</load_address>
         <readonly>true</readonly>
         <executable>true</executable>
         <run_address>0x2c10</run_address>
         <size>0x20</size>
         <alignment>0x4</alignment>
         <input_file_ref idref="fl-24"/>
      </object_component>
      <object_component id="oc-1c7">
         <name>.text.ClockP_scheduleNextTick</name>
         <load_address>0x2c30</load_address>
         <readonly>true</readonly>
         <executable>true</executable>
         <run_address>0x2c30</run_address>
         <size>0x20</size>
         <alignment>0x4</alignment>
         <input_file_ref idref="fl-24"/>
      </object_component>
      <object_component id="oc-80">
         <name>.text.NOROM_ThisLibraryIsFor_CC13x1_CC26x1_HaltIfViolated</name>
         <load_address>0x2c50</load_address>
         <readonly>true</readonly>
         <executable>true</executable>
         <run_address>0x2c50</run_address>
         <size>0x20</size>
         <alignment>0x4</alignment>
         <input_file_ref idref="fl-31"/>
      </object_component>
      <object_component id="oc-1ce">
         <name>.text.PowerCC26X2_disableTCXOQual</name>
         <load_address>0x2c70</load_address>
         <readonly>true</readonly>
         <executable>true</executable>
         <run_address>0x2c70</run_address>
         <size>0x20</size>
         <alignment>0x4</alignment>
         <input_file_ref idref="fl-1d"/>
      </object_component>
      <object_component id="oc-1cb">
         <name>.text.PowerCC26X2_enableTCXOQual</name>
         <load_address>0x2c90</load_address>
         <readonly>true</readonly>
         <executable>true</executable>
         <run_address>0x2c90</run_address>
         <size>0x20</size>
         <alignment>0x4</alignment>
         <input_file_ref idref="fl-1d"/>
      </object_component>
      <object_component id="oc-228">
         <name>.text.Power_unregisterNotify</name>
         <load_address>0x2cb0</load_address>
         <readonly>true</readonly>
         <executable>true</executable>
         <run_address>0x2cb0</run_address>
         <size>0x20</size>
         <alignment>0x4</alignment>
         <input_file_ref idref="fl-17"/>
      </object_component>
      <object_component id="oc-22f">
         <name>.text.SemaphoreP_constructBinary</name>
         <load_address>0x2cd0</load_address>
         <readonly>true</readonly>
         <executable>true</executable>
         <run_address>0x2cd0</run_address>
         <size>0x20</size>
         <alignment>0x4</alignment>
         <input_file_ref idref="fl-22"/>
      </object_component>
      <object_component id="oc-168">
         <name>.text.QueueP_put</name>
         <load_address>0x2cf0</load_address>
         <readonly>true</readonly>
         <executable>true</executable>
         <run_address>0x2cf0</run_address>
         <size>0x1e</size>
         <alignment>0x2</alignment>
         <input_file_ref idref="fl-25"/>
      </object_component>
      <object_component id="oc-26e">
         <name>.text.clkFxn</name>
         <load_address>0x2d0e</load_address>
         <readonly>true</readonly>
         <executable>true</executable>
         <run_address>0x2d0e</run_address>
         <size>0x2</size>
         <alignment>0x2</alignment>
         <input_file_ref idref="fl-22"/>
      </object_component>
      <object_component id="oc-22b">
         <name>.text.GPIO_setCallback</name>
         <load_address>0x2d10</load_address>
         <readonly>true</readonly>
         <executable>true</executable>
         <run_address>0x2d10</run_address>
         <size>0x1c</size>
         <alignment>0x4</alignment>
         <input_file_ref idref="fl-15"/>
      </object_component>
      <object_component id="oc-21b">
         <name>.text.HwiP_destruct</name>
         <load_address>0x2d2c</load_address>
         <readonly>true</readonly>
         <executable>true</executable>
         <run_address>0x2d2c</run_address>
         <size>0x1c</size>
         <alignment>0x4</alignment>
         <input_file_ref idref="fl-26"/>
      </object_component>
      <object_component id="oc-179">
         <name>.text.HwiP_dispatch</name>
         <load_address>0x2d48</load_address>
         <readonly>true</readonly>
         <executable>true</executable>
         <run_address>0x2d48</run_address>
         <size>0x1c</size>
         <alignment>0x4</alignment>
         <input_file_ref idref="fl-26"/>
      </object_component>
      <object_component id="oc-1d3">
         <name>.text.Power_getTransitionLatency</name>
         <load_address>0x2d64</load_address>
         <readonly>true</readonly>
         <executable>true</executable>
         <run_address>0x2d64</run_address>
         <size>0x1c</size>
         <alignment>0x2</alignment>
         <input_file_ref idref="fl-17"/>
      </object_component>
      <object_component id="oc-24a">
         <name>.text.SwiP_disable</name>
         <load_address>0x2d80</load_address>
         <readonly>true</readonly>
         <executable>true</executable>
         <run_address>0x2d80</run_address>
         <size>0x1c</size>
         <alignment>0x4</alignment>
         <input_file_ref idref="fl-23"/>
      </object_component>
      <object_component id="oc-26d">
         <name>.text.ClockP_destruct</name>
         <load_address>0x2d9c</load_address>
         <readonly>true</readonly>
         <executable>true</executable>
         <run_address>0x2d9c</run_address>
         <size>0x1a</size>
         <alignment>0x2</alignment>
         <input_file_ref idref="fl-24"/>
      </object_component>
      <object_component id="oc-26f">
         <name>.text.QueueP_get</name>
         <load_address>0x2db6</load_address>
         <readonly>true</readonly>
         <executable>true</executable>
         <run_address>0x2db6</run_address>
         <size>0x1a</size>
         <alignment>0x2</alignment>
         <input_file_ref idref="fl-25"/>
      </object_component>
      <object_component id="oc-1aa">
         <name>.text.GPIO_disableInt</name>
         <load_address>0x2dd0</load_address>
         <readonly>true</readonly>
         <executable>true</executable>
         <run_address>0x2dd0</run_address>
         <size>0x18</size>
         <alignment>0x4</alignment>
         <input_file_ref idref="fl-16"/>
      </object_component>
      <object_component id="oc-183">
         <name>.text.PowerCC26XX_calibrate</name>
         <load_address>0x2de8</load_address>
         <readonly>true</readonly>
         <executable>true</executable>
         <run_address>0x2de8</run_address>
         <size>0x18</size>
         <alignment>0x2</alignment>
         <input_file_ref idref="fl-17"/>
      </object_component>
      <object_component id="oc-27c">
         <name>.text.Power_idleFunc</name>
         <load_address>0x2e00</load_address>
         <readonly>true</readonly>
         <executable>true</executable>
         <run_address>0x2e00</run_address>
         <size>0x18</size>
         <alignment>0x4</alignment>
         <input_file_ref idref="fl-17"/>
      </object_component>
      <object_component id="oc-205">
         <name>.text.TimerP_dynamicStub</name>
         <load_address>0x2e18</load_address>
         <readonly>true</readonly>
         <executable>true</executable>
         <run_address>0x2e18</run_address>
         <size>0x18</size>
         <alignment>0x4</alignment>
         <input_file_ref idref="fl-28"/>
      </object_component>
      <object_component id="oc-bf">
         <name>.text.Board_init</name>
         <load_address>0x2e30</load_address>
         <readonly>true</readonly>
         <executable>true</executable>
         <run_address>0x2e30</run_address>
         <size>0x16</size>
         <alignment>0x2</alignment>
         <input_file_ref idref="fl-3"/>
      </object_component>
      <object_component id="oc-1fa">
         <name>.text.SwiP_handleHwi</name>
         <load_address>0x2e46</load_address>
         <readonly>true</readonly>
         <executable>true</executable>
         <run_address>0x2e46</run_address>
         <size>0x16</size>
         <alignment>0x2</alignment>
         <input_file_ref idref="fl-23"/>
      </object_component>
      <object_component id="oc-266">
         <name>.text.GPIO_read</name>
         <load_address>0x2e5c</load_address>
         <readonly>true</readonly>
         <executable>true</executable>
         <run_address>0x2e5c</run_address>
         <size>0x14</size>
         <alignment>0x4</alignment>
         <input_file_ref idref="fl-16"/>
      </object_component>
      <object_component id="oc-22c">
         <name>.text.GPIO_setUserArg</name>
         <load_address>0x2e70</load_address>
         <readonly>true</readonly>
         <executable>true</executable>
         <run_address>0x2e70</run_address>
         <size>0x14</size>
         <alignment>0x4</alignment>
         <input_file_ref idref="fl-15"/>
      </object_component>
      <object_component id="oc-27e">
         <name>.text.HwiP_inISR</name>
         <load_address>0x2e84</load_address>
         <readonly>true</readonly>
         <executable>true</executable>
         <run_address>0x2e84</run_address>
         <size>0x14</size>
         <alignment>0x4</alignment>
         <input_file_ref idref="fl-26"/>
      </object_component>
      <object_component id="oc-250">
         <name>.text.NOROM_IntUnregister</name>
         <load_address>0x2e98</load_address>
         <readonly>true</readonly>
         <executable>true</executable>
         <run_address>0x2e98</run_address>
         <size>0x14</size>
         <alignment>0x4</alignment>
         <input_file_ref idref="fl-2b"/>
      </object_component>
      <object_component id="oc-268">
         <name>.text.OUTLINED_FUNCTION_0</name>
         <load_address>0x2eac</load_address>
         <readonly>true</readonly>
         <executable>true</executable>
         <run_address>0x2eac</run_address>
         <size>0x14</size>
         <alignment>0x2</alignment>
         <input_file_ref idref="fl-1e"/>
      </object_component>
      <object_component id="oc-27f">
         <name>.text.Power_disablePolicy</name>
         <load_address>0x2ec0</load_address>
         <readonly>true</readonly>
         <executable>true</executable>
         <run_address>0x2ec0</run_address>
         <size>0x14</size>
         <alignment>0x4</alignment>
         <input_file_ref idref="fl-17"/>
      </object_component>
      <object_component id="oc-202">
         <name>.text.TimerP_startup</name>
         <load_address>0x2ed4</load_address>
         <readonly>true</readonly>
         <executable>true</executable>
         <run_address>0x2ed4</run_address>
         <size>0x14</size>
         <alignment>0x4</alignment>
         <input_file_ref idref="fl-28"/>
      </object_component>
      <object_component id="oc-1fe">
         <name>.text.__aeabi_uldivmod</name>
         <load_address>0x2ee8</load_address>
         <readonly>true</readonly>
         <executable>true</executable>
         <run_address>0x2ee8</run_address>
         <size>0x14</size>
         <alignment>0x4</alignment>
         <input_file_ref idref="fl-b6"/>
      </object_component>
      <object_component id="oc-aa">
         <name>.text._args_main</name>
         <load_address>0x2efc</load_address>
         <readonly>true</readonly>
         <executable>true</executable>
         <run_address>0x2efc</run_address>
         <size>0x14</size>
         <alignment>0x4</alignment>
         <input_file_ref idref="fl-4b"/>
      </object_component>
      <object_component id="oc-138">
         <name>.text.HwiP_Params_init</name>
         <load_address>0x2f10</load_address>
         <readonly>true</readonly>
         <executable>true</executable>
         <run_address>0x2f10</run_address>
         <size>0x12</size>
         <alignment>0x2</alignment>
         <input_file_ref idref="fl-26"/>
      </object_component>
      <object_component id="oc-92">
         <name>.text:TI_memcpy_small</name>
         <load_address>0x2f22</load_address>
         <readonly>true</readonly>
         <executable>true</executable>
         <run_address>0x2f22</run_address>
         <size>0x12</size>
         <alignment>0x1</alignment>
         <input_file_ref idref="fl-ba"/>
      </object_component>
      <object_component id="oc-58">
         <name>.text:decompress:ZI:__TI_zero_init_nomemset</name>
         <load_address>0x2f34</load_address>
         <readonly>true</readonly>
         <executable>true</executable>
         <run_address>0x2f34</run_address>
         <size>0x12</size>
         <alignment>0x2</alignment>
         <input_file_ref idref="fl-46"/>
      </object_component>
      <object_component id="oc-12a">
         <name>.text.emptyClockFunc</name>
         <load_address>0x2f46</load_address>
         <readonly>true</readonly>
         <executable>true</executable>
         <run_address>0x2f46</run_address>
         <size>0x2</size>
         <alignment>0x2</alignment>
         <input_file_ref idref="fl-17"/>
      </object_component>
      <object_component id="oc-25f">
         <name>.text.ClockP_getCpuFreq</name>
         <load_address>0x2f48</load_address>
         <readonly>true</readonly>
         <executable>true</executable>
         <run_address>0x2f48</run_address>
         <size>0x10</size>
         <alignment>0x4</alignment>
         <input_file_ref idref="fl-24"/>
      </object_component>
      <object_component id="oc-265">
         <name>.text.GPIO_getUserArg</name>
         <load_address>0x2f58</load_address>
         <readonly>true</readonly>
         <executable>true</executable>
         <run_address>0x2f58</run_address>
         <size>0x10</size>
         <alignment>0x4</alignment>
         <input_file_ref idref="fl-15"/>
      </object_component>
      <object_component id="oc-139">
         <name>.text.GPIO_write</name>
         <load_address>0x2f68</load_address>
         <readonly>true</readonly>
         <executable>true</executable>
         <run_address>0x2f68</run_address>
         <size>0x10</size>
         <alignment>0x4</alignment>
         <input_file_ref idref="fl-16"/>
      </object_component>
      <object_component id="oc-120">
         <name>.text.PowerCC26X2_oscCtlClearXtal</name>
         <load_address>0x2f78</load_address>
         <readonly>true</readonly>
         <executable>true</executable>
         <run_address>0x2f78</run_address>
         <size>0x10</size>
         <alignment>0x4</alignment>
         <input_file_ref idref="fl-1d"/>
      </object_component>
      <object_component id="oc-20d">
         <name>.text.PowerCC26X2_prcmEnableCacheRetention</name>
         <load_address>0x2f88</load_address>
         <readonly>true</readonly>
         <executable>true</executable>
         <run_address>0x2f88</run_address>
         <size>0x10</size>
         <alignment>0x4</alignment>
         <input_file_ref idref="fl-1d"/>
      </object_component>
      <object_component id="oc-196">
         <name>.text.PowerCC26X2_readCtrim</name>
         <load_address>0x2f98</load_address>
         <readonly>true</readonly>
         <executable>true</executable>
         <run_address>0x2f98</run_address>
         <size>0x10</size>
         <alignment>0x4</alignment>
         <input_file_ref idref="fl-1c"/>
      </object_component>
      <object_component id="oc-197">
         <name>.text.PowerCC26X2_readCtrimFract</name>
         <load_address>0x2fa8</load_address>
         <readonly>true</readonly>
         <executable>true</executable>
         <run_address>0x2fa8</run_address>
         <size>0x10</size>
         <alignment>0x4</alignment>
         <input_file_ref idref="fl-1c"/>
      </object_component>
      <object_component id="oc-198">
         <name>.text.PowerCC26X2_readRtrim</name>
         <load_address>0x2fb8</load_address>
         <readonly>true</readonly>
         <executable>true</executable>
         <run_address>0x2fb8</run_address>
         <size>0x10</size>
         <alignment>0x4</alignment>
         <input_file_ref idref="fl-1c"/>
      </object_component>
      <object_component id="oc-184">
         <name>.text.PowerCC26X2_switchToTCXO</name>
         <load_address>0x2fc8</load_address>
         <readonly>true</readonly>
         <executable>true</executable>
         <run_address>0x2fc8</run_address>
         <size>0x10</size>
         <alignment>0x4</alignment>
         <input_file_ref idref="fl-1d"/>
      </object_component>
      <object_component id="oc-20a">
         <name>.text.PowerCC26XX_schedulerDisable</name>
         <load_address>0x2fd8</load_address>
         <readonly>true</readonly>
         <executable>true</executable>
         <run_address>0x2fd8</run_address>
         <size>0x10</size>
         <alignment>0x4</alignment>
         <input_file_ref idref="fl-27"/>
      </object_component>
      <object_component id="oc-26c">
         <name>.text.Power_enablePolicy</name>
         <load_address>0x2fe8</load_address>
         <readonly>true</readonly>
         <executable>true</executable>
         <run_address>0x2fe8</run_address>
         <size>0x10</size>
         <alignment>0x4</alignment>
         <input_file_ref idref="fl-17"/>
      </object_component>
      <object_component id="oc-251">
         <name>.text.Power_getDependencyCount</name>
         <load_address>0x2ff8</load_address>
         <readonly>true</readonly>
         <executable>true</executable>
         <run_address>0x2ff8</run_address>
         <size>0x10</size>
         <alignment>0x4</alignment>
         <input_file_ref idref="fl-17"/>
      </object_component>
      <object_component id="oc-1b2">
         <name>.text.SwiP_Params_init</name>
         <load_address>0x3008</load_address>
         <readonly>true</readonly>
         <executable>true</executable>
         <run_address>0x3008</run_address>
         <size>0x10</size>
         <alignment>0x4</alignment>
         <input_file_ref idref="fl-23"/>
      </object_component>
      <object_component id="oc-1b9">
         <name>.text.TimerP_Params_init</name>
         <load_address>0x3018</load_address>
         <readonly>true</readonly>
         <executable>true</executable>
         <run_address>0x3018</run_address>
         <size>0x10</size>
         <alignment>0x4</alignment>
         <input_file_ref idref="fl-28"/>
      </object_component>
      <object_component id="oc-a4">
         <name>.text.main</name>
         <load_address>0x3028</load_address>
         <readonly>true</readonly>
         <executable>true</executable>
         <run_address>0x3028</run_address>
         <size>0x10</size>
         <alignment>0x2</alignment>
         <input_file_ref idref="fl-4"/>
      </object_component>
      <object_component id="oc-135">
         <name>.text.HwiP_disable</name>
         <load_address>0x3038</load_address>
         <readonly>true</readonly>
         <executable>true</executable>
         <run_address>0x3038</run_address>
         <size>0xe</size>
         <alignment>0x2</alignment>
         <input_file_ref idref="fl-26"/>
      </object_component>
      <object_component id="oc-122">
         <name>.text.OUTLINED_FUNCTION_0</name>
         <load_address>0x3046</load_address>
         <readonly>true</readonly>
         <executable>true</executable>
         <run_address>0x3046</run_address>
         <size>0xe</size>
         <alignment>0x2</alignment>
         <input_file_ref idref="fl-17"/>
      </object_component>
      <object_component id="oc-254">
         <name>.text.QueueP_remove</name>
         <load_address>0x3054</load_address>
         <readonly>true</readonly>
         <executable>true</executable>
         <run_address>0x3054</run_address>
         <size>0xe</size>
         <alignment>0x2</alignment>
         <input_file_ref idref="fl-25"/>
      </object_component>
      <object_component id="oc-2c">
         <name>.text.resetISR</name>
         <load_address>0x3062</load_address>
         <readonly>true</readonly>
         <executable>true</executable>
         <run_address>0x3062</run_address>
         <size>0xe</size>
         <alignment>0x2</alignment>
         <input_file_ref idref="fl-29"/>
      </object_component>
      <object_component id="oc-129">
         <name>.text.switchToTCXO</name>
         <load_address>0x3070</load_address>
         <readonly>true</readonly>
         <executable>true</executable>
         <run_address>0x3070</run_address>
         <size>0xe</size>
         <alignment>0x2</alignment>
         <input_file_ref idref="fl-17"/>
      </object_component>
      <object_component id="oc-27">
         <name>.text:decompress:none</name>
         <load_address>0x307e</load_address>
         <readonly>true</readonly>
         <executable>true</executable>
         <run_address>0x307e</run_address>
         <size>0xe</size>
         <alignment>0x2</alignment>
         <input_file_ref idref="fl-47"/>
      </object_component>
      <object_component id="oc-1c2">
         <name>.text.ClockP_doTick</name>
         <load_address>0x308c</load_address>
         <readonly>true</readonly>
         <executable>true</executable>
         <run_address>0x308c</run_address>
         <size>0xc</size>
         <alignment>0x4</alignment>
         <input_file_ref idref="fl-24"/>
      </object_component>
      <object_component id="oc-119">
         <name>.text.ClockP_getSystemTickPeriod</name>
         <load_address>0x3098</load_address>
         <readonly>true</readonly>
         <executable>true</executable>
         <run_address>0x3098</run_address>
         <size>0xc</size>
         <alignment>0x4</alignment>
         <input_file_ref idref="fl-24"/>
      </object_component>
      <object_component id="oc-23a">
         <name>.text.HwiP_clearInterrupt</name>
         <load_address>0x30a4</load_address>
         <readonly>true</readonly>
         <executable>true</executable>
         <run_address>0x30a4</run_address>
         <size>0xc</size>
         <alignment>0x4</alignment>
         <input_file_ref idref="fl-26"/>
      </object_component>
      <object_component id="oc-239">
         <name>.text.HwiP_disableInterrupt</name>
         <load_address>0x30b0</load_address>
         <readonly>true</readonly>
         <executable>true</executable>
         <run_address>0x30b0</run_address>
         <size>0xc</size>
         <alignment>0x4</alignment>
         <input_file_ref idref="fl-26"/>
      </object_component>
      <object_component id="oc-23b">
         <name>.text.HwiP_enableInterrupt</name>
         <load_address>0x30bc</load_address>
         <readonly>true</readonly>
         <executable>true</executable>
         <run_address>0x30bc</run_address>
         <size>0xc</size>
         <alignment>0x4</alignment>
         <input_file_ref idref="fl-26"/>
      </object_component>
      <object_component id="oc-247">
         <name>.text.HwiP_post</name>
         <load_address>0x30c8</load_address>
         <readonly>true</readonly>
         <executable>true</executable>
         <run_address>0x30c8</run_address>
         <size>0xc</size>
         <alignment>0x4</alignment>
         <input_file_ref idref="fl-26"/>
      </object_component>
      <object_component id="oc-189">
         <name>.text.PowerCC26X2_oscClockSourceGet</name>
         <load_address>0x30d4</load_address>
         <readonly>true</readonly>
         <executable>true</executable>
         <run_address>0x30d4</run_address>
         <size>0xc</size>
         <alignment>0x4</alignment>
         <input_file_ref idref="fl-1d"/>
      </object_component>
      <object_component id="oc-20e">
         <name>.text.PowerCC26X2_setPeriphDeepSleepEnable</name>
         <load_address>0x30e0</load_address>
         <readonly>true</readonly>
         <executable>true</executable>
         <run_address>0x30e0</run_address>
         <size>0xc</size>
         <alignment>0x4</alignment>
         <input_file_ref idref="fl-1d"/>
      </object_component>
      <object_component id="oc-114">
         <name>.text.PowerCC26X2_sysCtrlGetResetSource</name>
         <load_address>0x30ec</load_address>
         <readonly>true</readonly>
         <executable>true</executable>
         <run_address>0x30ec</run_address>
         <size>0xc</size>
         <alignment>0x4</alignment>
         <input_file_ref idref="fl-1d"/>
      </object_component>
      <object_component id="oc-1d0">
         <name>.text.PowerCC26X2_sysCtrlUpdateVoltageRegulator</name>
         <load_address>0x30f8</load_address>
         <readonly>true</readonly>
         <executable>true</executable>
         <run_address>0x30f8</run_address>
         <size>0xc</size>
         <alignment>0x4</alignment>
         <input_file_ref idref="fl-1d"/>
      </object_component>
      <object_component id="oc-20b">
         <name>.text.PowerCC26XX_schedulerRestore</name>
         <load_address>0x3104</load_address>
         <readonly>true</readonly>
         <executable>true</executable>
         <run_address>0x3104</run_address>
         <size>0xc</size>
         <alignment>0x4</alignment>
         <input_file_ref idref="fl-27"/>
      </object_component>
      <object_component id="oc-1d1">
         <name>.text.Power_getConstraintMask</name>
         <load_address>0x3110</load_address>
         <readonly>true</readonly>
         <executable>true</executable>
         <run_address>0x3110</run_address>
         <size>0xc</size>
         <alignment>0x4</alignment>
         <input_file_ref idref="fl-17"/>
      </object_component>
      <object_component id="oc-255">
         <name>.text.QueueP_empty</name>
         <load_address>0x311c</load_address>
         <readonly>true</readonly>
         <executable>true</executable>
         <run_address>0x311c</run_address>
         <size>0xc</size>
         <alignment>0x2</alignment>
         <input_file_ref idref="fl-25"/>
      </object_component>
      <object_component id="oc-102">
         <name>.text.SPI_Params_init</name>
         <load_address>0x3128</load_address>
         <readonly>true</readonly>
         <executable>true</executable>
         <run_address>0x3128</run_address>
         <size>0xc</size>
         <alignment>0x4</alignment>
         <input_file_ref idref="fl-19"/>
      </object_component>
      <object_component id="oc-235">
         <name>.text.spiPostNotify</name>
         <load_address>0x3134</load_address>
         <readonly>true</readonly>
         <executable>true</executable>
         <run_address>0x3134</run_address>
         <size>0xc</size>
         <alignment>0x2</alignment>
         <input_file_ref idref="fl-1e"/>
      </object_component>
      <object_component id="oc-121">
         <name>.text.ClockP_Params_init</name>
         <load_address>0x3140</load_address>
         <readonly>true</readonly>
         <executable>true</executable>
         <run_address>0x3140</run_address>
         <size>0xa</size>
         <alignment>0x2</alignment>
         <input_file_ref idref="fl-24"/>
      </object_component>
      <object_component id="oc-20c">
         <name>.text.PowerCC26X2_sysCtrlStandby</name>
         <load_address>0x314a</load_address>
         <readonly>true</readonly>
         <executable>true</executable>
[...]
      </symbol>
      <symbol id="sm-1d5">
         <name>PowerCC26X2_sysCtrlStandby</name>
         <value>0x314b</value>
         <object_component_ref idref="oc-20c"/>
      </symbol>
      <symbol id="sm-1d6">
         <name>PowerCC26X2_sysCtrlIdle</name>
         <value>0x31cb</value>
         <object_component_ref idref="oc-1d6"/>
      </symbol>
      <symbol id="sm-1d7">
         <name>PowerCC26X2_setPeriphDeepSleepEnable</name>
         <value>0x30e1</value>
         <object_component_ref idref="oc-20e"/>
      </symbol>
      <symbol id="sm-1d8">
         <name>PowerCC26X2_sysCtrlGetResetSource</name>
         <value>0x30ed</value>
         <object_component_ref idref="oc-114"/>
      </symbol>
      <symbol id="sm-1d9">
         <name>PowerCC26X2_setSubSecIncToXoscLf</name>
         <value>0x2829</value>
         <object_component_ref idref="oc-188"/>
      </symbol>
      <symbol id="sm-1da">
         <name>PowerCC26X2_sysCtrlUpdateVoltageRegulator</name>
         <value>0x30f9</value>
         <object_component_ref idref="oc-1d0"/>
      </symbol>
      <symbol id="sm-221">
         <name>SPICC26X2DMA_close</name>
         <value>0x1c91</value>
         <object_component_ref idref="oc-1e9"/>
      </symbol>
      <symbol id="sm-222">
         <name>SPICC26X2DMA_control</name>
         <value>0x1061</value>
         <object_component_ref idref="oc-1ee"/>
      </symbol>
      <symbol id="sm-223">
         <name>SPICC26X2DMA_init</name>
         <value>0x3155</value>
         <object_component_ref idref="oc-1ef"/>
      </symbol>
      <symbol id="sm-224">
         <name>SPICC26X2DMA_open</name>
         <value>0x6f9</value>
         <object_component_ref idref="oc-1f0"/>
      </symbol>
      <symbol id="sm-225">
         <name>SPICC26X2DMA_transfer</name>
         <value>0xd9</value>
         <object_component_ref idref="oc-1f1"/>
      </symbol>
      <symbol id="sm-226">
         <name>SPICC26X2DMA_transferCancel</name>
         <value>0x1a79</value>
         <object_component_ref idref="oc-1f2"/>
      </symbol>
      <symbol id="sm-227">
         <name>SPICC26X2DMA_fxnTable</name>
         <value>0x32a0</value>
         <object_component_ref idref="oc-1ad"/>
      </symbol>
      <symbol id="sm-233">
         <name>List_put</name>
         <value>0x2aa9</value>
         <object_component_ref idref="oc-262"/>
      </symbol>
      <symbol id="sm-234">
         <name>List_remove</name>
         <value>0x2a37</value>
         <object_component_ref idref="oc-258"/>
      </symbol>
      <symbol id="sm-243">
         <name>UDMACC26XX_hwiIntFxn</name>
         <value>0x315f</value>
         <object_component_ref idref="oc-261"/>
      </symbol>
      <symbol id="sm-244">
         <name>UDMACC26XX_open</name>
         <value>0x1ff9</value>
         <object_component_ref idref="oc-22d"/>
      </symbol>
      <symbol id="sm-245">
         <name>UDMACC26XX_close</name>
         <value>0x27b9</value>
         <object_component_ref idref="oc-21c"/>
      </symbol>
      <symbol id="sm-24f">
         <name>NoRTOS_start</name>
         <value>0x31c3</value>
         <object_component_ref idref="oc-c1"/>
      </symbol>
      <symbol id="sm-26b">
         <name>clkFxn</name>
         <value>0x2d0f</value>
         <object_component_ref idref="oc-26e"/>
      </symbol>
      <symbol id="sm-26c">
         <name>SemaphoreP_construct</name>
         <value>0x2109</value>
         <object_component_ref idref="oc-263"/>
      </symbol>
      <symbol id="sm-26d">
         <name>SemaphoreP_constructBinary</name>
         <value>0x2cd1</value>
         <object_component_ref idref="oc-22f"/>
      </symbol>
      <symbol id="sm-26e">
         <name>SemaphoreP_destruct</name>
         <value>0x22db</value>
         <object_component_ref idref="oc-223"/>
      </symbol>
      <symbol id="sm-26f">
         <name>SemaphoreP_pend</name>
         <value>0x1951</value>
         <object_component_ref idref="oc-238"/>
      </symbol>
      <symbol id="sm-270">
         <name>SemaphoreP_post</name>
         <value>0x253d</value>
         <object_component_ref idref="oc-269"/>
      </symbol>
      <symbol id="sm-271">
         <name>SemaphoreP_defaultParams</name>
         <value>0x20000350</value>
         <object_component_ref idref="oc-264"/>
      </symbol>
      <symbol id="sm-29c">
         <name>SwiP_Params_init</name>
         <value>0x3009</value>
         <object_component_ref idref="oc-1b2"/>
      </symbol>
      <symbol id="sm-29d">
         <name>SwiP_construct</name>
         <value>0x149d</value>
         <object_component_ref idref="oc-1b8"/>
      </symbol>
      <symbol id="sm-29e">
         <name>SwiP_dispatch</name>
         <value>0x1b09</value>
         <object_component_ref idref="oc-23e"/>
      </symbol>
      <symbol id="sm-29f">
         <name>SwiP_destruct</name>
         <value>0x2749</value>
         <object_component_ref idref="oc-222"/>
      </symbol>
      <symbol id="sm-2a0">
         <name>SwiP_disable</name>
         <value>0x2d81</value>
         <object_component_ref idref="oc-24a"/>
      </symbol>
      <symbol id="sm-2a1">
         <name>SwiP_post</name>
         <value>0x205d</value>
         <object_component_ref idref="oc-207"/>
      </symbol>
      <symbol id="sm-2a2">
         <name>SwiP_restore</name>
         <value>0x2781</value>
         <object_component_ref idref="oc-24c"/>
      </symbol>
      <symbol id="sm-2de">
         <name>ClockP_Params_init</name>
         <value>0x3141</value>
         <object_component_ref idref="oc-121"/>
      </symbol>
      <symbol id="sm-2df">
         <name>ClockP_startup</name>
         <value>0x1b99</value>
         <object_component_ref idref="oc-167"/>
      </symbol>
      <symbol id="sm-2e0">
         <name>ClockP_workFuncDynamic</name>
         <value>0x176d</value>
         <object_component_ref idref="oc-1c1"/>
      </symbol>
      <symbol id="sm-2e1">
         <name>ClockP_doTick</name>
         <value>0x308d</value>
         <object_component_ref idref="oc-1c2"/>
      </symbol>
      <symbol id="sm-2e2">
         <name>ClockP_walkQueueDynamic</name>
         <value>0x1ec9</value>
         <object_component_ref idref="oc-206"/>
      </symbol>
      <symbol id="sm-2e3">
         <name>ClockP_scheduleNextTick</name>
         <value>0x2c31</value>
         <object_component_ref idref="oc-1c7"/>
      </symbol>
      <symbol id="sm-2e4">
         <name>ClockP_getTicks</name>
         <value>0x2a85</value>
         <object_component_ref idref="oc-1c6"/>
      </symbol>
      <symbol id="sm-2e5">
         <name>ClockP_getTicksUntilInterrupt</name>
         <value>0x28f5</value>
         <object_component_ref idref="oc-1d2"/>
      </symbol>
      <symbol id="sm-2e6">
         <name>ClockP_construct</name>
         <value>0x22dd</value>
         <object_component_ref idref="oc-11e"/>
      </symbol>
      <symbol id="sm-2e7">
         <name>ClockP_start</name>
         <value>0x1d7d</value>
         <object_component_ref idref="oc-16e"/>
      </symbol>
      <symbol id="sm-2e8">
         <name>ClockP_add</name>
         <value>0x2c11</value>
         <object_component_ref idref="oc-26a"/>
      </symbol>
      <symbol id="sm-2e9">
         <name>ClockP_destruct</name>
         <value>0x2d9d</value>
         <object_component_ref idref="oc-26d"/>
      </symbol>
      <symbol id="sm-2ea">
         <name>ClockP_stop</name>
         <value>0x3199</value>
         <object_component_ref idref="oc-1cd"/>
      </symbol>
      <symbol id="sm-2eb">
         <name>ClockP_setTimeout</name>
         <value>0x31bb</value>
         <object_component_ref idref="oc-1d4"/>
      </symbol>
      <symbol id="sm-2ec">
         <name>ClockP_isActive</name>
         <value>0x31b7</value>
         <object_component_ref idref="oc-26b"/>
      </symbol>
      <symbol id="sm-2ed">
         <name>ClockP_getCpuFreq</name>
         <value>0x2f49</value>
         <object_component_ref idref="oc-25f"/>
      </symbol>
      <symbol id="sm-2ee">
         <name>ClockP_getSystemTickPeriod</name>
         <value>0x3099</value>
         <object_component_ref idref="oc-119"/>
      </symbol>
      <symbol id="sm-2ef">
         <name>ClockP_tickPeriod</name>
         <value>0x2000036c</value>
         <object_component_ref idref="oc-164"/>
      </symbol>
      <symbol id="sm-305">
         <name>QueueP_init</name>
         <value>0x31ab</value>
         <object_component_ref idref="oc-1b1"/>
      </symbol>
      <symbol id="sm-306">
         <name>QueueP_empty</name>
         <value>0x311d</value>
         <object_component_ref idref="oc-255"/>
      </symbol>
      <symbol id="sm-307">
         <name>QueueP_get</name>
         <value>0x2db7</value>
         <object_component_ref idref="oc-26f"/>
      </symbol>
      <symbol id="sm-308">
         <name>QueueP_head</name>
         <value>0x31d3</value>
         <object_component_ref idref="oc-245"/>
      </symbol>
      <symbol id="sm-309">
         <name>QueueP_put</name>
         <value>0x2cf1</value>
         <object_component_ref idref="oc-168"/>
      </symbol>
      <symbol id="sm-30a">
         <name>QueueP_next</name>
         <value>0x31d7</value>
         <object_component_ref idref="oc-246"/>
      </symbol>
      <symbol id="sm-30b">
         <name>QueueP_remove</name>
         <value>0x3055</value>
         <object_component_ref idref="oc-254"/>
      </symbol>
      <symbol id="sm-336">
         <name>HwiP_enable</name>
         <value>0x31bf</value>
         <object_component_ref idref="oc-f4"/>
      </symbol>
      <symbol id="sm-337">
         <name>HwiP_disable</name>
         <value>0x3039</value>
         <object_component_ref idref="oc-135"/>
      </symbol>
      <symbol id="sm-338">
         <name>HwiP_restore</name>
         <value>0x3169</value>
         <object_component_ref idref="oc-136"/>
      </symbol>
      <symbol id="sm-339">
         <name>HwiP_clearInterrupt</name>
         <value>0x30a5</value>
         <object_component_ref idref="oc-23a"/>
      </symbol>
      <symbol id="sm-33a">
         <name>HwiP_destruct</name>
         <value>0x2d2d</value>
         <object_component_ref idref="oc-21b"/>
      </symbol>
      <symbol id="sm-33b">
         <name>HwiP_disableInterrupt</name>
         <value>0x30b1</value>
         <object_component_ref idref="oc-239"/>
      </symbol>
      <symbol id="sm-33c">
         <name>HwiP_enableInterrupt</name>
         <value>0x30bd</value>
         <object_component_ref idref="oc-23b"/>
      </symbol>
      <symbol id="sm-33d">
         <name>HwiP_construct</name>
         <value>0x1c15</value>
         <object_component_ref idref="oc-123"/>
      </symbol>
      <symbol id="sm-33e">
         <name>HwiP_swiPIntNum</name>
         <value>0x20000370</value>
         <object_component_ref idref="oc-177"/>
      </symbol>
      <symbol id="sm-33f">
         <name>HwiP_Params_init</name>
         <value>0x2f11</value>
         <object_component_ref idref="oc-138"/>
      </symbol>
      <symbol id="sm-340">
         <name>HwiP_post</name>
         <value>0x30c9</value>
         <object_component_ref idref="oc-247"/>
      </symbol>
      <symbol id="sm-341">
         <name>HwiP_inISR</name>
         <value>0x2e85</value>
         <object_component_ref idref="oc-27e"/>
      </symbol>
      <symbol id="sm-354">
         <name>PowerCC26XX_standbyPolicy</name>
         <value>0x1221</value>
         <object_component_ref idref="oc-17d"/>
      </symbol>
      <symbol id="sm-355">
         <name>PowerCC26XX_schedulerDisable</name>
         <value>0x2fd9</value>
         <object_component_ref idref="oc-20a"/>
      </symbol>
      <symbol id="sm-356">
         <name>PowerCC26XX_schedulerRestore</name>
         <value>0x3105</value>
         <object_component_ref idref="oc-20b"/>
      </symbol>
      <symbol id="sm-37e">
         <name>TimerP_Params_init</name>
         <value>0x3019</value>
         <object_component_ref idref="oc-1b9"/>
      </symbol>
      <symbol id="sm-37f">
         <name>TimerP_construct</name>
         <value>0x1811</value>
         <object_component_ref idref="oc-1bf"/>
      </symbol>
      <symbol id="sm-380">
         <name>TimerP_startup</name>
         <value>0x2ed5</value>
         <object_component_ref idref="oc-202"/>
      </symbol>
      <symbol id="sm-381">
         <name>TimerP_dynamicStub</name>
         <value>0x2e19</value>
         <object_component_ref idref="oc-205"/>
      </symbol>
      <symbol id="sm-382">
         <name>TimerP_start</name>
         <value>0x2325</value>
         <object_component_ref idref="oc-244"/>
      </symbol>
      <symbol id="sm-383">
         <name>TimerP_getMaxTicks</name>
         <value>0x2bed</value>
         <object_component_ref idref="oc-1c0"/>
      </symbol>
      <symbol id="sm-384">
         <name>TimerP_setThreshold</name>
         <value>0x29e1</value>
         <object_component_ref idref="oc-248"/>
      </symbol>
      <symbol id="sm-385">
         <name>TimerP_setNextTick</name>
         <value>0x2a0d</value>
         <object_component_ref idref="oc-208"/>
      </symbol>
      <symbol id="sm-386">
         <name>TimerP_getCurrentTick</name>
         <value>0x2891</value>
         <object_component_ref idref="oc-1c5"/>
      </symbol>
      <symbol id="sm-398">
         <name>resetISR</name>
         <value>0x3063</value>
         <object_component_ref idref="oc-2c"/>
      </symbol>
      <symbol id="sm-399">
         <name>g_pfnVectors</name>
         <value>0x0</value>
         <object_component_ref idref="oc-1f"/>
      </symbol>
      <symbol id="sm-3a7">
         <name>NOROM_CPUcpsid</name>
         <value>0x3171</value>
         <object_component_ref idref="oc-5f"/>
      </symbol>
      <symbol id="sm-3a8">
         <name>NOROM_CPUcpsie</name>
         <value>0x3179</value>
         <object_component_ref idref="oc-14f"/>
      </symbol>
      <symbol id="sm-3a9">
         <name>NOROM_CPUdelay</name>
         <value>0x31a5</value>
         <object_component_ref idref="oc-1a8"/>
      </symbol>
      <symbol id="sm-3bc">
         <name>NOROM_IntRegister</name>
         <value>0x29b5</value>
         <object_component_ref idref="oc-171"/>
      </symbol>
      <symbol id="sm-3bd">
         <name>NOROM_IntUnregister</name>
         <value>0x2e99</value>
         <object_component_ref idref="oc-250"/>
      </symbol>
      <symbol id="sm-3da">
         <name>NOROM_OSCHF_TurnOnXosc</name>
         <value>0x2acd</value>
         <object_component_ref idref="oc-1da"/>
      </symbol>
      <symbol id="sm-3db">
         <name>NOROM_OSCHF_AttemptToSwitchToXosc</name>
         <value>0x1f31</value>
         <object_component_ref idref="oc-218"/>
      </symbol>
      <symbol id="sm-3dc">
         <name>NOROM_OSCHF_SwitchToRcOscTurnOffXosc</name>
         <value>0x2669</value>
         <object_component_ref idref="oc-209"/>
      </symbol>
      <symbol id="sm-3dd">
         <name>_hposcCoeffs</name>
         <value>0x20000358</value>
         <object_component_ref idref="oc-219"/>
      </symbol>
      <symbol id="sm-3de">
         <name>NOROM_OSC_HPOSCRelativeFrequencyOffsetGet</name>
         <value>0x25b9</value>
         <object_component_ref idref="oc-1e0"/>
      </symbol>
      <symbol id="sm-3ec">
         <name>NOROM_PRCMPowerDomainsAllOff</name>
         <value>0x23b1</value>
         <object_component_ref idref="oc-21a"/>
      </symbol>
      <symbol id="sm-3ed">
         <name>NOROM_PRCMPowerDomainsAllOn</name>
         <value>0x23f5</value>
         <object_component_ref idref="oc-19b"/>
      </symbol>
      <symbol id="sm-3fc">
         <name>NOROM_SetupTrimDevice</name>
         <value>0x12fd</value>
         <object_component_ref idref="oc-64"/>
      </symbol>
      <symbol id="sm-40a">
         <name>NOROM_SysCtrlIdle</name>
         <value>0x26a1</value>
         <object_component_ref idref="oc-20f"/>
      </symbol>
      <symbol id="sm-40b">
         <name>NOROM_SysCtrlStandby</name>
         <value>0xf71</value>
         <object_component_ref idref="oc-24d"/>
      </symbol>
      <symbol id="sm-418">
         <name>NOROM_AUXSYSIFOpModeChange</name>
         <value>0x2631</value>
         <object_component_ref idref="oc-9c"/>
      </symbol>
      <symbol id="sm-423">
         <name>NOROM_ThisLibraryIsFor_CC13x1_CC26x1_HaltIfViolated</name>
         <value>0x2c51</value>
         <object_component_ref idref="oc-80"/>
      </symbol>
      <symbol id="sm-42a">
         <name>_sys_memory</name>
         <value>0x20000650</value>
         <object_component_ref idref="oc-3e"/>
      </symbol>
      <symbol id="sm-435">
         <name>__stack</name>
         <value>0x20007c00</value>
         <object_component_ref idref="oc-21"/>
      </symbol>
      <symbol id="sm-436">
         <name>_c_int00</name>
         <value>0x2bc9</value>
         <object_component_ref idref="oc-8d"/>
      </symbol>
      <symbol id="sm-442">
         <name>__TI_auto_init_nobinit_nopinit</name>
         <value>0x27f1</value>
         <object_component_ref idref="oc-d3"/>
      </symbol>
      <symbol id="sm-44a">
         <name>_system_pre_init</name>
         <value>0x31e1</value>
         <object_component_ref idref="oc-a0"/>
      </symbol>
      <symbol id="sm-455">
         <name>__TI_zero_init_nomemset</name>
         <value>0x2f35</value>
         <object_component_ref idref="oc-58"/>
      </symbol>
      <symbol id="sm-45e">
         <name>__TI_decompress_none</name>
         <value>0x307f</value>
         <object_component_ref idref="oc-27"/>
      </symbol>
      <symbol id="sm-468">
         <name>__TI_decompress_lzss</name>
         <value>0x1ded</value>
         <object_component_ref idref="oc-23"/>
      </symbol>
      <symbol id="sm-472">
         <name>abort</name>
         <value>0x31ed</value>
         <object_component_ref idref="oc-cc"/>
      </symbol>
      <symbol id="sm-473">
         <name>C$$EXIT</name>
         <value>0x31ec</value>
         <object_component_ref idref="oc-cc"/>
      </symbol>
      <symbol id="sm-47e">
         <name>_args_main</name>
         <value>0x2efd</value>
         <object_component_ref idref="oc-aa"/>
      </symbol>
      <symbol id="sm-484">
         <name>__aeabi_memcpy</name>
         <value>0x31dd</value>
         <object_component_ref idref="oc-51"/>
      </symbol>
      <symbol id="sm-485">
         <name>__aeabi_memcpy4</name>
         <value>0x31dd</value>
         <object_component_ref idref="oc-51"/>
      </symbol>
      <symbol id="sm-486">
         <name>__aeabi_memcpy8</name>
         <value>0x31dd</value>
         <object_component_ref idref="oc-51"/>
      </symbol>
      <symbol id="sm-48c">
         <name>__aeabi_uldivmod</name>
         <value>0x2ee9</value>
         <object_component_ref idref="oc-1fe"/>
      </symbol>
      <symbol id="sm-492">
         <name>__udivmoddi4</name>
         <value>0x1611</value>
         <object_component_ref idref="oc-23f"/>
      </symbol>
      <symbol id="sm-49d">
         <name>__aeabi_ldiv0</name>
         <value>0x2c0f</value>
         <object_component_ref idref="oc-270"/>
      </symbol>
      <symbol id="sm-4a5">
         <name>TI_memcpy_small</name>
         <value>0x2f23</value>
         <object_component_ref idref="oc-92"/>
      </symbol>
      <symbol id="sm-4a6">
         <name>__TI_static_base__</name>
         <value>0x0</value>
      </symbol>
      <symbol id="sm-4a9">
         <name>ITM_flush</name>
         <value>0x0</value>
      </symbol>
      <symbol id="sm-4aa">
         <name>ITM_restore</name>
         <value>0x0</value>
      </symbol>
      <symbol id="sm-4ab">
         <name>__mpu_init</name>
         <value>0x0</value>
      </symbol>
      <symbol id="sm-4ac">
         <name>_system_post_cinit</name>
         <value>0x0</value>
      </symbol>
   </symbol_table>
   <title>Link successful</title>
</link_info>
